Archive member included to satisfy reference by file (symbol)

d:/stm32cubeide/stm32cubeide_1.3.0/stm32cubeide/plugins/com.st.stm32cube.ide.mcu.externaltools.gnu-tools-for-stm32.7-2018-q2-update.win32_1.0.0.201904181610/tools/bin/../lib/gcc/arm-none-eabi/7.3.1/../../../../arm-none-eabi/lib/thumb/v7e-m/fpv4-sp/hard\libc_nano.a(lib_a-errno.o)
                              Src/syscalls.o (__errno)
d:/stm32cubeide/stm32cubeide_1.3.0/stm32cubeide/plugins/com.st.stm32cube.ide.mcu.externaltools.gnu-tools-for-stm32.7-2018-q2-update.win32_1.0.0.201904181610/tools/bin/../lib/gcc/arm-none-eabi/7.3.1/../../../../arm-none-eabi/lib/thumb/v7e-m/fpv4-sp/hard\libc_nano.a(lib_a-exit.o)
                              d:/stm32cubeide/stm32cubeide_1.3.0/stm32cubeide/plugins/com.st.stm32cube.ide.mcu.externaltools.gnu-tools-for-stm32.7-2018-q2-update.win32_1.0.0.201904181610/tools/bin/../lib/gcc/arm-none-eabi/7.3.1/../../../../arm-none-eabi/lib/thumb/v7e-m/fpv4-sp/hard/crt0.o (exit)
d:/stm32cubeide/stm32cubeide_1.3.0/stm32cubeide/plugins/com.st.stm32cube.ide.mcu.externaltools.gnu-tools-for-stm32.7-2018-q2-update.win32_1.0.0.201904181610/tools/bin/../lib/gcc/arm-none-eabi/7.3.1/../../../../arm-none-eabi/lib/thumb/v7e-m/fpv4-sp/hard\libc_nano.a(lib_a-impure.o)
                              d:/stm32cubeide/stm32cubeide_1.3.0/stm32cubeide/plugins/com.st.stm32cube.ide.mcu.externaltools.gnu-tools-for-stm32.7-2018-q2-update.win32_1.0.0.201904181610/tools/bin/../lib/gcc/arm-none-eabi/7.3.1/../../../../arm-none-eabi/lib/thumb/v7e-m/fpv4-sp/hard\libc_nano.a(lib_a-exit.o) (_global_impure_ptr)
d:/stm32cubeide/stm32cubeide_1.3.0/stm32cubeide/plugins/com.st.stm32cube.ide.mcu.externaltools.gnu-tools-for-stm32.7-2018-q2-update.win32_1.0.0.201904181610/tools/bin/../lib/gcc/arm-none-eabi/7.3.1/../../../../arm-none-eabi/lib/thumb/v7e-m/fpv4-sp/hard\libc_nano.a(lib_a-init.o)
                              d:/stm32cubeide/stm32cubeide_1.3.0/stm32cubeide/plugins/com.st.stm32cube.ide.mcu.externaltools.gnu-tools-for-stm32.7-2018-q2-update.win32_1.0.0.201904181610/tools/bin/../lib/gcc/arm-none-eabi/7.3.1/../../../../arm-none-eabi/lib/thumb/v7e-m/fpv4-sp/hard/crt0.o (__libc_init_array)
d:/stm32cubeide/stm32cubeide_1.3.0/stm32cubeide/plugins/com.st.stm32cube.ide.mcu.externaltools.gnu-tools-for-stm32.7-2018-q2-update.win32_1.0.0.201904181610/tools/bin/../lib/gcc/arm-none-eabi/7.3.1/../../../../arm-none-eabi/lib/thumb/v7e-m/fpv4-sp/hard\libc_nano.a(lib_a-malloc.o)
                              Src/easyMatrix.o (malloc)
d:/stm32cubeide/stm32cubeide_1.3.0/stm32cubeide/plugins/com.st.stm32cube.ide.mcu.externaltools.gnu-tools-for-stm32.7-2018-q2-update.win32_1.0.0.201904181610/tools/bin/../lib/gcc/arm-none-eabi/7.3.1/../../../../arm-none-eabi/lib/thumb/v7e-m/fpv4-sp/hard\libc_nano.a(lib_a-memcpy-stub.o)
                              Middlewares/Third_Party/FreeRTOS/Source/queue.o (memcpy)
d:/stm32cubeide/stm32cubeide_1.3.0/stm32cubeide/plugins/com.st.stm32cube.ide.mcu.externaltools.gnu-tools-for-stm32.7-2018-q2-update.win32_1.0.0.201904181610/tools/bin/../lib/gcc/arm-none-eabi/7.3.1/../../../../arm-none-eabi/lib/thumb/v7e-m/fpv4-sp/hard\libc_nano.a(lib_a-memset.o)
                              d:/stm32cubeide/stm32cubeide_1.3.0/stm32cubeide/plugins/com.st.stm32cube.ide.mcu.externaltools.gnu-tools-for-stm32.7-2018-q2-update.win32_1.0.0.201904181610/tools/bin/../lib/gcc/arm-none-eabi/7.3.1/../../../../arm-none-eabi/lib/thumb/v7e-m/fpv4-sp/hard/crt0.o (memset)
d:/stm32cubeide/stm32cubeide_1.3.0/stm32cubeide/plugins/com.st.stm32cube.ide.mcu.externaltools.gnu-tools-for-stm32.7-2018-q2-update.win32_1.0.0.201904181610/tools/bin/../lib/gcc/arm-none-eabi/7.3.1/../../../../arm-none-eabi/lib/thumb/v7e-m/fpv4-sp/hard\libc_nano.a(lib_a-nano-freer.o)
                              d:/stm32cubeide/stm32cubeide_1.3.0/stm32cubeide/plugins/com.st.stm32cube.ide.mcu.externaltools.gnu-tools-for-stm32.7-2018-q2-update.win32_1.0.0.201904181610/tools/bin/../lib/gcc/arm-none-eabi/7.3.1/../../../../arm-none-eabi/lib/thumb/v7e-m/fpv4-sp/hard\libc_nano.a(lib_a-malloc.o) (_free_r)
d:/stm32cubeide/stm32cubeide_1.3.0/stm32cubeide/plugins/com.st.stm32cube.ide.mcu.externaltools.gnu-tools-for-stm32.7-2018-q2-update.win32_1.0.0.201904181610/tools/bin/../lib/gcc/arm-none-eabi/7.3.1/../../../../arm-none-eabi/lib/thumb/v7e-m/fpv4-sp/hard\libc_nano.a(lib_a-nano-mallocr.o)
                              d:/stm32cubeide/stm32cubeide_1.3.0/stm32cubeide/plugins/com.st.stm32cube.ide.mcu.externaltools.gnu-tools-for-stm32.7-2018-q2-update.win32_1.0.0.201904181610/tools/bin/../lib/gcc/arm-none-eabi/7.3.1/../../../../arm-none-eabi/lib/thumb/v7e-m/fpv4-sp/hard\libc_nano.a(lib_a-malloc.o) (_malloc_r)
d:/stm32cubeide/stm32cubeide_1.3.0/stm32cubeide/plugins/com.st.stm32cube.ide.mcu.externaltools.gnu-tools-for-stm32.7-2018-q2-update.win32_1.0.0.201904181610/tools/bin/../lib/gcc/arm-none-eabi/7.3.1/../../../../arm-none-eabi/lib/thumb/v7e-m/fpv4-sp/hard\libc_nano.a(lib_a-printf.o)
[...]
Memory Configuration

Name             Origin             Length             Attributes
CCMRAM           0x0000000010000000 0x0000000000010000 xrw
RAM              0x0000000020000000 0x0000000000030000 xrw
FLASH            0x0000000008000000 0x0000000000200000 xr
*default*        0x0000000000000000 0xffffffffffffffff

Linker script and memory map

LOAD d:/stm32cubeide/stm32cubeide_1.3.0/stm32cubeide/plugins/com.st.stm32cube.ide.mcu.externaltools.gnu-tools-for-stm32.7-2018-q2-update.win32_1.0.0.201904181610/tools/bin/../lib/gcc/arm-none-eabi/7.3.1/thumb/v7e-m/fpv4-sp/hard/crti.o
LOAD d:/stm32cubeide/stm32cubeide_1.3.0/stm32cubeide/plugins/com.st.stm32cube.ide.mcu.externaltools.gnu-tools-for-stm32.7-2018-q2-update.win32_1.0.0.201904181610/tools/bin/../lib/gcc/arm-none-eabi/7.3.1/thumb/v7e-m/fpv4-sp/hard/crtbegin.o
LOAD d:/stm32cubeide/stm32cubeide_1.3.0/stm32cubeide/plugins/com.st.stm32cube.ide.mcu.externaltools.gnu-tools-for-stm32.7-2018-q2-update.win32_1.0.0.201904181610/tools/bin/../lib/gcc/arm-none-eabi/7.3.1/../../../../arm-none-eabi/lib/thumb/v7e-m/fpv4-sp/hard/crt0.o
LOAD Drivers/STM32F4xx_HAL_Driver/Src/stm32f4xx_hal.o
LOAD Drivers/STM32F4xx_HAL_Driver/Src/stm32f4xx_hal_can.o
LOAD Drivers/STM32F4xx_HAL_Driver/Src/stm32f4xx_hal_cortex.o
LOAD Drivers/STM32F4xx_HAL_Driver/Src/stm32f4xx_hal_dma.o
LOAD Drivers/STM32F4xx_HAL_Driver/Src/stm32f4xx_hal_dma_ex.o
LOAD Drivers/STM32F4xx_HAL_Driver/Src/stm32f4xx_hal_exti.o
LOAD Drivers/STM32F4xx_HAL_Driver/Src/stm32f4xx_hal_flash.o
LOAD Drivers/STM32F4xx_HAL_Driver/Src/stm32f4xx_hal_flash_ex.o
LOAD Drivers/STM32F4xx_HAL_Driver/Src/stm32f4xx_hal_flash_ramfunc.o
LOAD Drivers/STM32F4xx_HAL_Driver/Src/stm32f4xx_hal_gpio.o
LOAD Drivers/STM32F4xx_HAL_Driver/Src/stm32f4xx_hal_pwr.o
LOAD Drivers/STM32F4xx_HAL_Driver/Src/stm32f4xx_hal_pwr_ex.o
LOAD Drivers/STM32F4xx_HAL_Driver/Src/stm32f4xx_hal_rcc.o
LOAD Drivers/STM32F4xx_HAL_Driver/Src/stm32f4xx_hal_rcc_ex.o
LOAD Drivers/STM32F4xx_HAL_Driver/Src/stm32f4xx_hal_spi.o
LOAD Drivers/STM32F4xx_HAL_Driver/Src/stm32f4xx_hal_tim.o
LOAD Drivers/STM32F4xx_HAL_Driver/Src/stm32f4xx_hal_tim_ex.o
LOAD Drivers/STM32F4xx_HAL_Driver/Src/stm32f4xx_hal_uart.o
LOAD Middlewares/Third_Party/FreeRTOS/Source/CMSIS_RTOS/cmsis_os.o
LOAD Middlewares/Third_Party/FreeRTOS/Source/croutine.o
LOAD Middlewares/Third_Party/FreeRTOS/Source/event_groups.o
LOAD Middlewares/Third_Party/FreeRTOS/Source/list.o
LOAD Middlewares/Third_Party/FreeRTOS/Source/queue.o
LOAD Middlewares/Third_Party/FreeRTOS/Source/stream_buffer.o
LOAD Middlewares/Third_Party/FreeRTOS/Source/tasks.o
LOAD Middlewares/Third_Party/FreeRTOS/Source/timers.o
LOAD Middlewares/Third_Party/FreeRTOS/Source/portable/GCC/ARM_CM4F/port.o
LOAD Middlewares/Third_Party/FreeRTOS/Source/portable/MemMang/heap_4.o
LOAD Src/agvui.o
LOAD Src/can.o
LOAD Src/dev.o
LOAD Src/dma.o
LOAD Src/dr16.o
LOAD Src/easyMatrix.o
LOAD Src/freertos.o
LOAD Src/gpio.o
LOAD Src/imu.o
LOAD Src/kalmantools.o
LOAD Src/main.o
LOAD Src/pidtools.o
LOAD Src/rxd.o
LOAD Src/spdm.o
LOAD Src/spi.o
LOAD Src/stm32f4xx_hal_msp.o
LOAD Src/stm32f4xx_hal_timebase_tim.o
LOAD Src/stm32f4xx_it.o
LOAD Src/syscalls.o
LOAD Src/sysmem.o
LOAD Src/system_stm32f4xx.o
LOAD Src/usart.o
LOAD Startup/startup_stm32f427iihx.o
START GROUP
LOAD d:/stm32cubeide/stm32cubeide_1.3.0/stm32cubeide/plugins/com.st.stm32cube.ide.mcu.externaltools.gnu-tools-for-stm32.7-2018-q2-update.win32_1.0.0.201904181610/tools/bin/../lib/gcc/arm-none-eabi/7.3.1/../../../../arm-none-eabi/lib/thumb/v7e-m/fpv4-sp/hard\libc_nano.a
LOAD d:/stm32cubeide/stm32cubeide_1.3.0/stm32cubeide/plugins/com.st.stm32cube.ide.mcu.externaltools.gnu-tools-for-stm32.7-2018-q2-update.win32_1.0.0.201904181610/tools/bin/../lib/gcc/arm-none-eabi/7.3.1/../../../../arm-none-eabi/lib/thumb/v7e-m/fpv4-sp/hard\libm.a
END GROUP
START GROUP
LOAD d:/stm32cubeide/stm32cubeide_1.3.0/stm32cubeide/plugins/com.st.stm32cube.ide.mcu.externaltools.gnu-tools-for-stm32.7-2018-q2-update.win32_1.0.0.201904181610/tools/bin/../lib/gcc/arm-none-eabi/7.3.1/thumb/v7e-m/fpv4-sp/hard\libgcc.a
LOAD d:/stm32cubeide/stm32cubeide_1.3.0/stm32cubeide/plugins/com.st.stm32cube.ide.mcu.externaltools.gnu-tools-for-stm32.7-2018-q2-update.win32_1.0.0.201904181610/tools/bin/../lib/gcc/arm-none-eabi/7.3.1/../../../../arm-none-eabi/lib/thumb/v7e-m/fpv4-sp/hard\libc_nano.a
END GROUP
START GROUP
LOAD d:/stm32cubeide/stm32cubeide_1.3.0/stm32cubeide/plugins/com.st.stm32cube.ide.mcu.externaltools.gnu-tools-for-stm32.7-2018-q2-update.win32_1.0.0.201904181610/tools/bin/../lib/gcc/arm-none-eabi/7.3.1/thumb/v7e-m/fpv4-sp/hard\libgcc.a
LOAD d:/stm32cubeide/stm32cubeide_1.3.0/stm32cubeide/plugins/com.st.stm32cube.ide.mcu.externaltools.gnu-tools-for-stm32.7-2018-q2-update.win32_1.0.0.201904181610/tools/bin/../lib/gcc/arm-none-eabi/7.3.1/../../../../arm-none-eabi/lib/thumb/v7e-m/fpv4-sp/hard\libc_nano.a
LOAD d:/stm32cubeide/stm32cubeide_1.3.0/stm32cubeide/plugins/com.st.stm32cube.ide.mcu.externaltools.gnu-tools-for-stm32.7-2018-q2-update.win32_1.0.0.201904181610/tools/bin/../lib/gcc/arm-none-eabi/7.3.1/../../../../arm-none-eabi/lib/thumb/v7e-m/fpv4-sp/hard\libnosys.a
END GROUP
START GROUP
LOAD d:/stm32cubeide/stm32cubeide_1.3.0/stm32cubeide/plugins/com.st.stm32cube.ide.mcu.externaltools.gnu-tools-for-stm32.7-2018-q2-update.win32_1.0.0.201904181610/tools/bin/../lib/gcc/arm-none-eabi/7.3.1/thumb/v7e-m/fpv4-sp/hard\libgcc.a
LOAD d:/stm32cubeide/stm32cubeide_1.3.0/stm32cubeide/plugins/com.st.stm32cube.ide.mcu.externaltools.gnu-tools-for-stm32.7-2018-q2-update.win32_1.0.0.201904181610/tools/bin/../lib/gcc/arm-none-eabi/7.3.1/../../../../arm-none-eabi/lib/thumb/v7e-m/fpv4-sp/hard\libc_nano.a
LOAD d:/stm32cubeide/stm32cubeide_1.3.0/stm32cubeide/plugins/com.st.stm32cube.ide.mcu.externaltools.gnu-tools-for-stm32.7-2018-q2-update.win32_1.0.0.201904181610/tools/bin/../lib/gcc/arm-none-eabi/7.3.1/../../../../arm-none-eabi/lib/thumb/v7e-m/fpv4-sp/hard\libnosys.a
END GROUP
LOAD d:/stm32cubeide/stm32cubeide_1.3.0/stm32cubeide/plugins/com.st.stm32cube.ide.mcu.externaltools.gnu-tools-for-stm32.7-2018-q2-update.win32_1.0.0.201904181610/tools/bin/../lib/gcc/arm-none-eabi/7.3.1/thumb/v7e-m/fpv4-sp/hard/crtend.o
LOAD d:/stm32cubeide/stm32cubeide_1.3.0/stm32cubeide/plugins/com.st.stm32cube.ide.mcu.externaltools.gnu-tools-for-stm32.7-2018-q2-update.win32_1.0.0.201904181610/tools/bin/../lib/gcc/arm-none-eabi/7.3.1/thumb/v7e-m/fpv4-sp/hard/crtn.o
                0x0000000020030000                _estack = (ORIGIN (RAM) + LENGTH (RAM))
                0x0000000000000200                _Min_Heap_Size = 0x200
                0x0000000000000400                _Min_Stack_Size = 0x400

.isr_vector     0x0000000008000000      0x1ac
                0x0000000008000000                . = ALIGN (0x4)
 *(.isr_vector)
 .isr_vector    0x0000000008000000      0x1ac Startup/startup_stm32f427iihx.o
                0x0000000008000000                g_pfnVectors
                0x00000000080001ac                . = ALIGN (0x4)

.text           0x00000000080001b0     0x9ab0
                0x00000000080001b0                . = ALIGN (0x4)
 *(.text)
 .text          0x00000000080001b0       0x40 d:/stm32cubeide/stm32cubeide_1.3.0/stm32cubeide/plugins/com.st.stm32cube.ide.mcu.externaltools.gnu-tools-for-stm32.7-2018-q2-update.win32_1.0.0.201904181610/tools/bin/../lib/gcc/arm-none-eabi/7.3.1/thumb/v7e-m/fpv4-sp/hard/crtbegin.o
 .text          0x00000000080001f0      0x378 d:/stm32cubeide/stm32cubeide_1.3.0/stm32cubeide/plugins/com.st.stm32cube.ide.mcu.externaltools.gnu-tools-for-stm32.7-2018-q2-update.win32_1.0.0.201904181610/tools/bin/../lib/gcc/arm-none-eabi/7.3.1/thumb/v7e-m/fpv4-sp/hard\libgcc.a(_arm_addsubdf3.o)
                0x00000000080001f0                __aeabi_drsub
                0x00000000080001f8                __aeabi_dsub
                0x00000000080001f8                __subdf3
                0x00000000080001fc                __aeabi_dadd
                0x00000000080001fc                __adddf3
                0x0000000008000474                __floatunsidf
                0x0000000008000474                __aeabi_ui2d
                0x0000000008000494                __floatsidf
                0x0000000008000494                __aeabi_i2d
                0x00000000080004b8                __aeabi_f2d
                0x00000000080004b8                __extendsfdf2
                0x00000000080004fc                __floatundidf
                0x00000000080004fc                __aeabi_ul2d
                0x000000000800050c                __floatdidf
                0x000000000800050c                __aeabi_l2d
 .text          0x0000000008000568      0x424 d:/stm32cubeide/stm32cubeide_1.3.0/stm32cubeide/plugins/com.st.stm32cube.ide.mcu.externaltools.gnu-tools-for-stm32.7-2018-q2-update.win32_1.0.0.201904181610/tools/bin/../lib/gcc/arm-none-eabi/7.3.1/thumb/v7e-m/fpv4-sp/hard\libgcc.a(_arm_muldivdf3.o)
                0x0000000008000568                __aeabi_dmul
                0x0000000008000568                __muldf3
                0x00000000080007bc                __divdf3
                0x00000000080007bc                __aeabi_ddiv
 .text          0x000000000800098c      0x110 d:/stm32cubeide/stm32cubeide_1.3.0/stm32cubeide/plugins/com.st.stm32cube.ide.mcu.externaltools.gnu-tools-for-stm32.7-2018-q2-update.win32_1.0.0.201904181610/tools/bin/../lib/gcc/arm-none-eabi/7.3.1/thumb/v7e-m/fpv4-sp/hard\libgcc.a(_arm_cmpdf2.o)
                0x000000000800098c                __gtdf2
                0x000000000800098c                __gedf2
                0x0000000008000994                __ltdf2
                0x0000000008000994                __ledf2
                0x000000000800099c                __nedf2
                0x000000000800099c                __eqdf2
                0x000000000800099c                __cmpdf2
                0x0000000008000a18                __aeabi_cdrcmple
                0x0000000008000a28                __aeabi_cdcmpeq
                0x0000000008000a28                __aeabi_cdcmple
                0x0000000008000a38                __aeabi_dcmpeq
                0x0000000008000a4c                __aeabi_dcmplt
                0x0000000008000a60                __aeabi_dcmple
                0x0000000008000a74                __aeabi_dcmpge
                0x0000000008000a88                __aeabi_dcmpgt
 .text          0x0000000008000a9c       0xa0 d:/stm32cubeide/stm32cubeide_1.3.0/stm32cubeide/plugins/com.st.stm32cube.ide.mcu.externaltools.gnu-tools-for-stm32.7-2018-q2-update.win32_1.0.0.201904181610/tools/bin/../lib/gcc/arm-none-eabi/7.3.1/thumb/v7e-m/fpv4-sp/hard\libgcc.a(_arm_truncdfsf2.o)
                0x0000000008000a9c                __truncdfsf2
                0x0000000008000a9c                __aeabi_d2f
 .text          0x0000000008000b3c       0x30 d:/stm32cubeide/stm32cubeide_1.3.0/stm32cubeide/plugins/com.st.stm32cube.ide.mcu.externaltools.gnu-tools-for-stm32.7-2018-q2-update.win32_1.0.0.201904181610/tools/bin/../lib/gcc/arm-none-eabi/7.3.1/thumb/v7e-m/fpv4-sp/hard\libgcc.a(_aeabi_uldivmod.o)
                0x0000000008000b3c                __aeabi_uldivmod
 .text          0x0000000008000b6c      0x2cc d:/stm32cubeide/stm32cubeide_1.3.0/stm32cubeide/plugins/com.st.stm32cube.ide.mcu.externaltools.gnu-tools-for-stm32.7-2018-q2-update.win32_1.0.0.201904181610/tools/bin/../lib/gcc/arm-none-eabi/7.3.1/thumb/v7e-m/fpv4-sp/hard\libgcc.a(_udivmoddi4.o)
                0x0000000008000b6c                __udivmoddi4
 .text          0x0000000008000e38        0x4 d:/stm32cubeide/stm32cubeide_1.3.0/stm32cubeide/plugins/com.st.stm32cube.ide.mcu.externaltools.gnu-tools-for-stm32.7-2018-q2-update.win32_1.0.0.201904181610/tools/bin/../lib/gcc/arm-none-eabi/7.3.1/thumb/v7e-m/fpv4-sp/hard\libgcc.a(_dvmd_tls.o)
                0x0000000008000e38                __aeabi_idiv0
                0x0000000008000e38                __aeabi_ldiv0
 *(.text*)
 .text.HAL_Init
                0x0000000008000e3c       0x44 Drivers/STM32F4xx_HAL_Driver/Src/stm32f4xx_hal.o
                0x0000000008000e3c                HAL_Init
 .text.HAL_IncTick
                0x0000000008000e80       0x28 Drivers/STM32F4xx_HAL_Driver/Src/stm32f4xx_hal.o
                0x0000000008000e80                HAL_IncTick
 .text.HAL_GetTick
                0x0000000008000ea8       0x18 Drivers/STM32F4xx_HAL_Driver/Src/stm32f4xx_hal.o
                0x0000000008000ea8                HAL_GetTick
 .text.HAL_Delay
                0x0000000008000ec0       0x44 Drivers/STM32F4xx_HAL_Driver/Src/stm32f4xx_hal.o
                0x0000000008000ec0                HAL_Delay
 .text.HAL_CAN_Init
                0x0000000008000f04      0x1f6 Drivers/STM32F4xx_HAL_Driver/Src/stm32f4xx_hal_can.o
                0x0000000008000f04                HAL_CAN_Init
 *fill*         0x00000000080010fa        0x2 
 .text.HAL_CAN_ConfigFilter
                0x00000000080010fc      0x1c0 Drivers/STM32F4xx_HAL_Driver/Src/stm32f4xx_hal_can.o
                0x00000000080010fc                HAL_CAN_ConfigFilter
 .text.HAL_CAN_Start
                0x00000000080012bc       0x88 Drivers/STM32F4xx_HAL_Driver/Src/stm32f4xx_hal_can.o
                0x00000000080012bc                HAL_CAN_Start
 .text.HAL_CAN_AddTxMessage
                0x0000000008001344      0x1b6 Drivers/STM32F4xx_HAL_Driver/Src/stm32f4xx_hal_can.o
                0x0000000008001344                HAL_CAN_AddTxMessage
 .text.HAL_CAN_IsTxMessagePending
                0x00000000080014fa       0x48 Drivers/STM32F4xx_HAL_Driver/Src/stm32f4xx_hal_can.o
                0x00000000080014fa                HAL_CAN_IsTxMessagePending
 .text.HAL_CAN_ActivateNotification
                0x0000000008001542       0x4c Drivers/STM32F4xx_HAL_Driver/Src/stm32f4xx_hal_can.o
                0x0000000008001542                HAL_CAN_ActivateNotification
 .text.HAL_CAN_IRQHandler
                0x000000000800158e      0x362 Drivers/STM32F4xx_HAL_Driver/Src/stm32f4xx_hal_can.o
                0x000000000800158e                HAL_CAN_IRQHandler
 .text.HAL_CAN_TxMailbox0CompleteCallback
                0x00000000080018f0       0x14 Drivers/STM32F4xx_HAL_Driver/Src/stm32f4xx_hal_can.o
                0x00000000080018f0                HAL_CAN_TxMailbox0CompleteCallback
 .text.HAL_CAN_TxMailbox1CompleteCallback
                0x0000000008001904       0x14 Drivers/STM32F4xx_HAL_Driver/Src/stm32f4xx_hal_can.o
                0x0000000008001904                HAL_CAN_TxMailbox1CompleteCallback
 .text.HAL_CAN_TxMailbox2CompleteCallback
                0x0000000008001918       0x14 Drivers/STM32F4xx_HAL_Driver/Src/stm32f4xx_hal_can.o
                0x0000000008001918                HAL_CAN_TxMailbox2CompleteCallback
 .text.HAL_CAN_TxMailbox0AbortCallback
                0x000000000800192c       0x14 Drivers/STM32F4xx_HAL_Driver/Src/stm32f4xx_hal_can.o
                0x000000000800192c                HAL_CAN_TxMailbox0AbortCallback
 .text.HAL_CAN_TxMailbox1AbortCallback
                0x0000000008001940       0x14 Drivers/STM32F4xx_HAL_Driver/Src/stm32f4xx_hal_can.o
                0x0000000008001940                HAL_CAN_TxMailbox1AbortCallback
 .text.HAL_CAN_TxMailbox2AbortCallback
                0x0000000008001954       0x14 Drivers/STM32F4xx_HAL_Driver/Src/stm32f4xx_hal_can.o
                0x0000000008001954                HAL_CAN_TxMailbox2AbortCallback
 .text.HAL_CAN_RxFifo0FullCallback
                0x0000000008001968       0x14 Drivers/STM32F4xx_HAL_Driver/Src/stm32f4xx_hal_can.o
                0x0000000008001968                HAL_CAN_RxFifo0FullCallback
 .text.HAL_CAN_RxFifo1MsgPendingCallback
                0x000000000800197c       0x14 Drivers/STM32F4xx_HAL_Driver/Src/stm32f4xx_hal_can.o
                0x000000000800197c                HAL_CAN_RxFifo1MsgPendingCallback
 .text.HAL_CAN_RxFifo1FullCallback
                0x0000000008001990       0x14 Drivers/STM32F4xx_HAL_Driver/Src/stm32f4xx_hal_can.o
                0x0000000008001990                HAL_CAN_RxFifo1FullCallback
 .text.HAL_CAN_SleepCallback
                0x00000000080019a4       0x14 Drivers/STM32F4xx_HAL_Driver/Src/stm32f4xx_hal_can.o
                0x00000000080019a4                HAL_CAN_SleepCallback
 .text.HAL_CAN_WakeUpFromRxMsgCallback
                0x00000000080019b8       0x14 Drivers/STM32F4xx_HAL_Driver/Src/stm32f4xx_hal_can.o
                0x00000000080019b8                HAL_CAN_WakeUpFromRxMsgCallback
 .text.HAL_CAN_ErrorCallback
                0x00000000080019cc       0x14 Drivers/STM32F4xx_HAL_Driver/Src/stm32f4xx_hal_can.o
                0x00000000080019cc                HAL_CAN_ErrorCallback
 .text.__NVIC_SetPriorityGrouping
                0x00000000080019e0       0x48 Drivers/STM32F4xx_HAL_Driver/Src/stm32f4xx_hal_cortex.o
 .text.__NVIC_GetPriorityGrouping
                0x0000000008001a28       0x1c Drivers/STM32F4xx_HAL_Driver/Src/stm32f4xx_hal_cortex.o
 .text.__NVIC_EnableIRQ
                0x0000000008001a44       0x3c Drivers/STM32F4xx_HAL_Driver/Src/stm32f4xx_hal_cortex.o
 .text.__NVIC_SetPriority
                0x0000000008001a80       0x54 Drivers/STM32F4xx_HAL_Driver/Src/stm32f4xx_hal_cortex.o
 .text.NVIC_EncodePriority
                0x0000000008001ad4       0x66 Drivers/STM32F4xx_HAL_Driver/Src/stm32f4xx_hal_cortex.o
 .text.HAL_NVIC_SetPriorityGrouping
                0x0000000008001b3a       0x16 Drivers/STM32F4xx_HAL_Driver/Src/stm32f4xx_hal_cortex.o
                0x0000000008001b3a                HAL_NVIC_SetPriorityGrouping
 .text.HAL_NVIC_SetPriority
                0x0000000008001b50       0x38 Drivers/STM32F4xx_HAL_Driver/Src/stm32f4xx_hal_cortex.o
                0x0000000008001b50                HAL_NVIC_SetPriority
 .text.HAL_NVIC_EnableIRQ
                0x0000000008001b88       0x1c Drivers/STM32F4xx_HAL_Driver/Src/stm32f4xx_hal_cortex.o
                0x0000000008001b88                HAL_NVIC_EnableIRQ
 .text.HAL_DMA_Init
                0x0000000008001ba4      0x15c Drivers/STM32F4xx_HAL_Driver/Src/stm32f4xx_hal_dma.o
                0x0000000008001ba4                HAL_DMA_Init
 .text.HAL_DMA_IRQHandler
                0x0000000008001d00      0x314 Drivers/STM32F4xx_HAL_Driver/Src/stm32f4xx_hal_dma.o
                0x0000000008001d00                HAL_DMA_IRQHandler
 .text.DMA_CalcBaseAndBitshift
                0x0000000008002014       0x6c Drivers/STM32F4xx_HAL_Driver/Src/stm32f4xx_hal_dma.o
 .text.DMA_CheckFifoParam
                0x0000000008002080       0xf4 Drivers/STM32F4xx_HAL_Driver/Src/stm32f4xx_hal_dma.o
 .text.HAL_GPIO_Init
                0x0000000008002174      0x354 Drivers/STM32F4xx_HAL_Driver/Src/stm32f4xx_hal_gpio.o
                0x0000000008002174                HAL_GPIO_Init
 .text.HAL_GPIO_WritePin
                0x00000000080024c8       0x32 Drivers/STM32F4xx_HAL_Driver/Src/stm32f4xx_hal_gpio.o
                0x00000000080024c8                HAL_GPIO_WritePin
 *fill*         0x00000000080024fa        0x2 
 .text.HAL_PWREx_EnableOverDrive
                0x00000000080024fc       0xa0 Drivers/STM32F4xx_HAL_Driver/Src/stm32f4xx_hal_pwr_ex.o
                0x00000000080024fc                HAL_PWREx_EnableOverDrive
 .text.HAL_RCC_OscConfig
                0x000000000800259c      0x4e0 Drivers/STM32F4xx_HAL_Driver/Src/stm32f4xx_hal_rcc.o
                0x000000000800259c                HAL_RCC_OscConfig
 .text.HAL_RCC_ClockConfig
                0x0000000008002a7c      0x1cc Drivers/STM32F4xx_HAL_Driver/Src/stm32f4xx_hal_rcc.o
                0x0000000008002a7c                HAL_RCC_ClockConfig
 .text.HAL_RCC_EnableCSS
                0x0000000008002c48       0x18 Drivers/STM32F4xx_HAL_Driver/Src/stm32f4xx_hal_rcc.o
                0x0000000008002c48                HAL_RCC_EnableCSS
 .text.HAL_RCC_GetSysClockFreq
                0x0000000008002c60      0x164 Drivers/STM32F4xx_HAL_Driver/Src/stm32f4xx_hal_rcc.o
                0x0000000008002c60                HAL_RCC_GetSysClockFreq
 .text.HAL_RCC_GetHCLKFreq
                0x0000000008002dc4       0x18 Drivers/STM32F4xx_HAL_Driver/Src/stm32f4xx_hal_rcc.o
                0x0000000008002dc4                HAL_RCC_GetHCLKFreq
 .text.HAL_RCC_GetPCLK1Freq
                0x0000000008002ddc       0x28 Drivers/STM32F4xx_HAL_Driver/Src/stm32f4xx_hal_rcc.o
                0x0000000008002ddc                HAL_RCC_GetPCLK1Freq
 .text.HAL_RCC_GetPCLK2Freq
                0x0000000008002e04       0x28 Drivers/STM32F4xx_HAL_Driver/Src/stm32f4xx_hal_rcc.o
                0x0000000008002e04                HAL_RCC_GetPCLK2Freq
 .text.HAL_RCC_GetClockConfig
                0x0000000008002e2c       0x64 Drivers/STM32F4xx_HAL_Driver/Src/stm32f4xx_hal_rcc.o
                0x0000000008002e2c                HAL_RCC_GetClockConfig
 .text.HAL_RCC_NMI_IRQHandler
                0x0000000008002e90       0x28 Drivers/STM32F4xx_HAL_Driver/Src/stm32f4xx_hal_rcc.o
                0x0000000008002e90                HAL_RCC_NMI_IRQHandler
 .text.HAL_RCC_CSSCallback
                0x0000000008002eb8        0xe Drivers/STM32F4xx_HAL_Driver/Src/stm32f4xx_hal_rcc.o
                0x0000000008002eb8                HAL_RCC_CSSCallback
 .text.HAL_SPI_Init
                0x0000000008002ec6       0xc8 Drivers/STM32F4xx_HAL_Driver/Src/stm32f4xx_hal_spi.o
                0x0000000008002ec6                HAL_SPI_Init
 .text.HAL_SPI_TransmitReceive
                0x0000000008002f8e      0x344 Drivers/STM32F4xx_HAL_Driver/Src/stm32f4xx_hal_spi.o
                0x0000000008002f8e                HAL_SPI_TransmitReceive
 .text.SPI_WaitFlagStateUntilTimeout
                0x00000000080032d2       0xd4 Drivers/STM32F4xx_HAL_Driver/Src/stm32f4xx_hal_spi.o
 *fill*         0x00000000080033a6        0x2 
 .text.SPI_EndRxTxTransaction
                0x00000000080033a8       0x84 Drivers/STM32F4xx_HAL_Driver/Src/stm32f4xx_hal_spi.o
 .text.HAL_TIM_Base_Init
                0x000000000800342c       0x56 Drivers/STM32F4xx_HAL_Driver/Src/stm32f4xx_hal_tim.o
                0x000000000800342c                HAL_TIM_Base_Init
 .text.HAL_TIM_Base_MspInit
                0x0000000008003482       0x14 Drivers/STM32F4xx_HAL_Driver/Src/stm32f4xx_hal_tim.o
                0x0000000008003482                HAL_TIM_Base_MspInit
 .text.HAL_TIM_Base_Start_IT
                0x0000000008003496       0x48 Drivers/STM32F4xx_HAL_Driver/Src/stm32f4xx_hal_tim.o
                0x0000000008003496                HAL_TIM_Base_Start_IT
 .text.HAL_TIM_IRQHandler
                0x00000000080034de      0x210 Drivers/STM32F4xx_HAL_Driver/Src/stm32f4xx_hal_tim.o
                0x00000000080034de                HAL_TIM_IRQHandler
 .text.HAL_TIM_OC_DelayElapsedCallback
                0x00000000080036ee       0x14 Drivers/STM32F4xx_HAL_Driver/Src/stm32f4xx_hal_tim.o
                0x00000000080036ee                HAL_TIM_OC_DelayElapsedCallback
 .text.HAL_TIM_IC_CaptureCallback
                0x0000000008003702       0x14 Drivers/STM32F4xx_HAL_Driver/Src/stm32f4xx_hal_tim.o
                0x0000000008003702                HAL_TIM_IC_CaptureCallback
 .text.HAL_TIM_PWM_PulseFinishedCallback
                0x0000000008003716       0x14 Drivers/STM32F4xx_HAL_Driver/Src/stm32f4xx_hal_tim.o
                0x0000000008003716                HAL_TIM_PWM_PulseFinishedCallback
 .text.HAL_TIM_TriggerCallback
                0x000000000800372a       0x14 Drivers/STM32F4xx_HAL_Driver/Src/stm32f4xx_hal_tim.o
                0x000000000800372a                HAL_TIM_TriggerCallback
 *fill*         0x000000000800373e        0x2 
 .text.TIM_Base_SetConfig
                0x0000000008003740      0x140 Drivers/STM32F4xx_HAL_Driver/Src/stm32f4xx_hal_tim.o
                0x0000000008003740                TIM_Base_SetConfig
 .text.HAL_TIMEx_CommutCallback
                0x0000000008003880       0x14 Drivers/STM32F4xx_HAL_Driver/Src/stm32f4xx_hal_tim_ex.o
                0x0000000008003880                HAL_TIMEx_CommutCallback
 .text.HAL_TIMEx_BreakCallback
                0x0000000008003894       0x14 Drivers/STM32F4xx_HAL_Driver/Src/stm32f4xx_hal_tim_ex.o
                0x0000000008003894                HAL_TIMEx_BreakCallback
 .text.HAL_UART_Init
                0x00000000080038a8       0x9a Drivers/STM32F4xx_HAL_Driver/Src/stm32f4xx_hal_uart.o
                0x00000000080038a8                HAL_UART_Init
 .text.HAL_UART_Transmit
                0x0000000008003942      0x132 Drivers/STM32F4xx_HAL_Driver/Src/stm32f4xx_hal_uart.o
                0x0000000008003942                HAL_UART_Transmit
 .text.UART_WaitOnFlagUntilTimeout
                0x0000000008003a74       0x94 Drivers/STM32F4xx_HAL_Driver/Src/stm32f4xx_hal_uart.o
 .text.UART_SetConfig
                0x0000000008003b08      0x6f8 Drivers/STM32F4xx_HAL_Driver/Src/stm32f4xx_hal_uart.o
 .text.makeFreeRtosPriority
                0x0000000008004200       0x30 Middlewares/Third_Party/FreeRTOS/Source/CMSIS_RTOS/cmsis_os.o
 .text.osKernelStart
                0x0000000008004230        0xe Middlewares/Third_Party/FreeRTOS/Source/CMSIS_RTOS/cmsis_os.o
                0x0000000008004230                osKernelStart
 .text.osThreadCreate
                0x000000000800423e       0x98 Middlewares/Third_Party/FreeRTOS/Source/CMSIS_RTOS/cmsis_os.o
                0x000000000800423e                osThreadCreate
 .text.osDelay  0x00000000080042d6       0x28 Middlewares/Third_Party/FreeRTOS/Source/CMSIS_RTOS/cmsis_os.o
                0x00000000080042d6                osDelay
 .text.vListInitialise
                0x00000000080042fe       0x40 Middlewares/Third_Party/FreeRTOS/Source/list.o
                0x00000000080042fe                vListInitialise
 .text.vListInitialiseItem
                0x000000000800433e       0x1a Middlewares/Third_Party/FreeRTOS/Source/list.o
                0x000000000800433e                vListInitialiseItem
 .text.vListInsertEnd
                0x0000000008004358       0x48 Middlewares/Third_Party/FreeRTOS/Source/list.o
                0x0000000008004358                vListInsertEnd
 .text.vListInsert
                0x00000000080043a0       0x72 Middlewares/Third_Party/FreeRTOS/Source/list.o
                0x00000000080043a0                vListInsert
 .text.uxListRemove
                0x0000000008004412       0x54 Middlewares/Third_Party/FreeRTOS/Source/list.o
                0x0000000008004412                uxListRemove
 .text.xTaskCreateStatic
                0x0000000008004466       0xb4 Middlewares/Third_Party/FreeRTOS/Source/tasks.o
                0x0000000008004466                xTaskCreateStatic
 .text.xTaskCreate
                0x000000000800451a       0x8a Middlewares/Third_Party/FreeRTOS/Source/tasks.o
                0x000000000800451a                xTaskCreate
 .text.prvInitialiseNewTask
                0x00000000080045a4      0x10c Middlewares/Third_Party/FreeRTOS/Source/tasks.o
 .text.prvAddNewTaskToReadyList
                0x00000000080046b0       0xd4 Middlewares/Third_Party/FreeRTOS/Source/tasks.o
 .text.vTaskDelay
                0x0000000008004784       0x68 Middlewares/Third_Party/FreeRTOS/Source/tasks.o
                0x0000000008004784                vTaskDelay
 .text.vTaskStartScheduler
                0x00000000080047ec       0xbc Middlewares/Third_Party/FreeRTOS/Source/tasks.o
                0x00000000080047ec                vTaskStartScheduler
 .text.vTaskSuspendAll
                0x00000000080048a8       0x1c Middlewares/Third_Party/FreeRTOS/Source/tasks.o
                0x00000000080048a8                vTaskSuspendAll
 .text.xTaskResumeAll
                0x00000000080048c4      0x138 Middlewares/Third_Party/FreeRTOS/Source/tasks.o
                0x00000000080048c4                xTaskResumeAll
 .text.xTaskIncrementTick
                0x00000000080049fc      0x170 Middlewares/Third_Party/FreeRTOS/Source/tasks.o
                0x00000000080049fc                xTaskIncrementTick
 .text.vTaskSwitchContext
                0x0000000008004b6c       0xb4 Middlewares/Third_Party/FreeRTOS/Source/tasks.o
                0x0000000008004b6c                vTaskSwitchContext
 .text.prvIdleTask
                0x0000000008004c20       0x30 Middlewares/Third_Party/FreeRTOS/Source/tasks.o
 .text.prvInitialiseTaskLists
                0x0000000008004c50       0x80 Middlewares/Third_Party/FreeRTOS/Source/tasks.o
 .text.prvCheckTasksWaitingTermination
                0x0000000008004cd0       0x58 Middlewares/Third_Party/FreeRTOS/Source/tasks.o
 .text.prvDeleteTCB
                0x0000000008004d28       0x5c Middlewares/Third_Party/FreeRTOS/Source/tasks.o
 .text.prvResetNextTaskUnblockTime
                0x0000000008004d84       0x40 Middlewares/Third_Party/FreeRTOS/Source/tasks.o
 .text.prvAddCurrentTaskToDelayedList
                0x0000000008004dc4       0xcc Middlewares/Third_Party/FreeRTOS/Source/tasks.o
 .text.pxPortInitialiseStack
                0x0000000008004e90       0x68 Middlewares/Third_Party/FreeRTOS/Source/portable/GCC/ARM_CM4F/port.o
                0x0000000008004e90                pxPortInitialiseStack
 .text.prvTaskExitError
                0x0000000008004ef8       0x54 Middlewares/Third_Party/FreeRTOS/Source/portable/GCC/ARM_CM4F/port.o
 *fill*         0x0000000008004f4c        0x4 
 .text.SVC_Handler
                0x0000000008004f50       0x28 Middlewares/Third_Party/FreeRTOS/Source/portable/GCC/ARM_CM4F/port.o
                0x0000000008004f50                SVC_Handler
 .text.prvPortStartFirstTask
                0x0000000008004f78       0x28 Middlewares/Third_Party/FreeRTOS/Source/portable/GCC/ARM_CM4F/port.o
 .text.xPortStartScheduler
                0x0000000008004fa0      0x13c Middlewares/Third_Party/FreeRTOS/Source/portable/GCC/ARM_CM4F/port.o
                0x0000000008004fa0                xPortStartScheduler
 .text.vPortEnterCritical
                0x00000000080050dc       0x5c Middlewares/Third_Party/FreeRTOS/Source/portable/GCC/ARM_CM4F/port.o
                0x00000000080050dc                vPortEnterCritical
 .text.vPortExitCritical
                0x0000000008005138       0x50 Middlewares/Third_Party/FreeRTOS/Source/portable/GCC/ARM_CM4F/port.o
                0x0000000008005138                vPortExitCritical
 *fill*         0x0000000008005188        0x8 
 .text.PendSV_Handler
                0x0000000008005190       0x68 Middlewares/Third_Party/FreeRTOS/Source/portable/GCC/ARM_CM4F/port.o
                0x0000000008005190                PendSV_Handler
 .text.SysTick_Handler
                0x00000000080051f8       0x40 Middlewares/Third_Party/FreeRTOS/Source/portable/GCC/ARM_CM4F/port.o
                0x00000000080051f8                SysTick_Handler
 .text.vPortSetupTimerInterrupt
                0x0000000008005238       0x48 Middlewares/Third_Party/FreeRTOS/Source/portable/GCC/ARM_CM4F/port.o
                0x0000000008005238                vPortSetupTimerInterrupt
 .text.vPortEnableVFP
                0x0000000008005280       0x14 Middlewares/Third_Party/FreeRTOS/Source/portable/GCC/ARM_CM4F/port.o
 .text.pvPortMalloc
                0x0000000008005294      0x184 Middlewares/Third_Party/FreeRTOS/Source/portable/MemMang/heap_4.o
                0x0000000008005294                pvPortMalloc
 .text.vPortFree
                0x0000000008005418       0xb0 Middlewares/Third_Party/FreeRTOS/Source/portable/MemMang/heap_4.o
                0x0000000008005418                vPortFree
 .text.prvHeapInit
                0x00000000080054c8       0xc4 Middlewares/Third_Party/FreeRTOS/Source/portable/MemMang/heap_4.o
 .text.prvInsertBlockIntoFreeList
                0x000000000800558c       0xb4 Middlewares/Third_Party/FreeRTOS/Source/portable/MemMang/heap_4.o
 .text.AGVUI_Open
                0x0000000008005640       0xe0 Src/agvui.o
                0x0000000008005640                AGVUI_Open
 .text.AGVUI_RxUpdate
                0x0000000008005720      0x23c Src/agvui.o
                0x0000000008005720                AGVUI_RxUpdate
 .text.AGVUI_GetHead
                0x000000000800595c       0x18 Src/agvui.o
                0x000000000800595c                AGVUI_GetHead
 .text.AGVUI_GetParams
                0x0000000008005974       0x18 Src/agvui.o
                0x0000000008005974                AGVUI_GetParams
 .text.AGVUI_SetTxDataAdd
                0x000000000800598c       0x24 Src/agvui.o
                0x000000000800598c                AGVUI_SetTxDataAdd
 .text.MX_CAN1_Init
                0x00000000080059b0       0x6c Src/can.o
                0x00000000080059b0                MX_CAN1_Init
 .text.HAL_CAN_MspInit
                0x0000000008005a1c       0xa0 Src/can.o
                0x0000000008005a1c                HAL_CAN_MspInit
 .text.dev_init
                0x0000000008005abc      0x1dc Src/dev.o
                0x0000000008005abc                dev_init
 .text.HAL_CAN_RxFifo0MsgPendingCallback
                0x0000000008005c98       0x1c Src/dev.o
                0x0000000008005c98                HAL_CAN_RxFifo0MsgPendingCallback
 .text.RXD_Callback
                0x0000000008005cb4       0x28 Src/dev.o
                0x0000000008005cb4                RXD_Callback
 .text.datarec_callback
                0x0000000008005cdc       0x24 Src/dev.o
                0x0000000008005cdc                datarec_callback
 .text.arm_calc_thread
                0x0000000008005d00       0x3c Src/dev.o
                0x0000000008005d00                arm_calc_thread
 *fill*         0x0000000008005d3c        0x4 
 .text.kalman_thread
                0x0000000008005d40      0x9c0 Src/dev.o
                0x0000000008005d40                kalman_thread
 .text.spdm_thread
                0x0000000008006700       0x44 Src/dev.o
                0x0000000008006700                spdm_thread
 .text.pospid_calc_thread
                0x0000000008006744      0x20c Src/dev.o
                0x0000000008006744                pospid_calc_thread
 .text.imu_thread
                0x0000000008006950       0x1c Src/dev.o
                0x0000000008006950                imu_thread
 .text.MX_DMA_Init
                0x000000000800696c       0x50 Src/dma.o
                0x000000000800696c                MX_DMA_Init
 .text.isFiniteNumber
                0x00000000080069bc       0x48 Src/easyMatrix.o
                0x00000000080069bc                isFiniteNumber
 .text.setMatrix
                0x0000000008006a04       0x58 Src/easyMatrix.o
                0x0000000008006a04                setMatrix
 .text.transMatrix
                0x0000000008006a5c       0x9a Src/easyMatrix.o
                0x0000000008006a5c                transMatrix
 *fill*         0x0000000008006af6        0x2 
 .text.invMatrix
                0x0000000008006af8      0x2bc Src/easyMatrix.o
                0x0000000008006af8                invMatrix
 .text.getLUMatrix
                0x0000000008006db4      0x214 Src/easyMatrix.o
                0x0000000008006db4                getLUMatrix
 .text.invLMatrix
                0x0000000008006fc8      0x130 Src/easyMatrix.o
                0x0000000008006fc8                invLMatrix
 .text.invUMatrix
                0x00000000080070f8      0x158 Src/easyMatrix.o
                0x00000000080070f8                invUMatrix
 .text.addMatrix
                0x0000000008007250       0x90 Src/easyMatrix.o
                0x0000000008007250                addMatrix
 .text.subMatrix
                0x00000000080072e0       0x90 Src/easyMatrix.o
                0x00000000080072e0                subMatrix
 .text.multiMatrix
                0x0000000008007370      0x114 Src/easyMatrix.o
                0x0000000008007370                multiMatrix
 .text.vApplicationGetIdleTaskMemory
                0x0000000008007484       0x34 Src/freertos.o
                0x0000000008007484                vApplicationGetIdleTaskMemory
 .text.MX_FREERTOS_Init
                0x00000000080074b8      0x120 Src/freertos.o
                0x00000000080074b8                MX_FREERTOS_Init
 .text.StartDefaultTask
                0x00000000080075d8       0x10 Src/freertos.o
                0x00000000080075d8                StartDefaultTask
 .text.MX_GPIO_Init
                0x00000000080075e8       0xd8 Src/gpio.o
                0x00000000080075e8                MX_GPIO_Init
 .text.MPU_ReadByte
                0x00000000080076c0       0x70 Src/imu.o
                0x00000000080076c0                MPU_ReadByte
 .text.MPU_WriteByte
                0x0000000008007730       0x78 Src/imu.o
                0x0000000008007730                MPU_WriteByte
 .text.MPU_ReadBytes
                0x00000000080077a8       0x80 Src/imu.o
                0x00000000080077a8                MPU_ReadBytes
 .text.mpu_set_gyro_fsr
                0x0000000008007828       0x26 Src/imu.o
 .text.mpu_set_accel_fsr
                0x000000000800784e       0x26 Src/imu.o
 .text.IMU_GetData
                0x0000000008007874       0xcc Src/imu.o
                0x0000000008007874                IMU_GetData
 .text.IMU_Open
                0x0000000008007940      0x104 Src/imu.o
                0x0000000008007940                IMU_Open
 .text.IMU_CheckSuccess
                0x0000000008007a44       0x22 Src/imu.o
                0x0000000008007a44                IMU_CheckSuccess
 .text.IMU_SetBoardState
                0x0000000008007a66       0x20 Src/imu.o
                0x0000000008007a66                IMU_SetBoardState
 *fill*         0x0000000008007a86        0x2 
 .text.AGVUI_Callback
                0x0000000008007a88      0x11c Src/main.o
                0x0000000008007a88                AGVUI_Callback
 .text.main     0x0000000008007ba4       0x50 Src/main.o
                0x0000000008007ba4                main
 .text.SystemClock_Config
                0x0000000008007bf4       0xe4 Src/main.o
                0x0000000008007bf4                SystemClock_Config
 .text.HAL_TIM_PeriodElapsedCallback
                0x0000000008007cd8       0x24 Src/main.o
                0x0000000008007cd8                HAL_TIM_PeriodElapsedCallback
 .text.Error_Handler
                0x0000000008007cfc        0xe Src/main.o
                0x0000000008007cfc                Error_Handler
 .text.RXD_Open
                0x0000000008007d0a       0x40 Src/rxd.o
                0x0000000008007d0a                RXD_Open
 .text.RXD_Enable
                0x0000000008007d4a       0xd2 Src/rxd.o
                0x0000000008007d4a                RXD_Enable
 .text.RXD_RxUpdate
                0x0000000008007e1c      0x1e4 Src/rxd.o
                0x0000000008007e1c                RXD_RxUpdate
 .text.SPDM_CANFilterEnable
                0x0000000008008000       0x44 Src/spdm.o
 .text.SPDM_Open
                0x0000000008008044       0x82 Src/spdm.o
                0x0000000008008044                SPDM_Open
 .text.SPDM_GetRxMessage
                0x00000000080080c6       0x82 Src/spdm.o
                0x00000000080080c6                SPDM_GetRxMessage
 .text.SPDM_RxUpdate
                0x0000000008008148      0x144 Src/spdm.o
                0x0000000008008148                SPDM_RxUpdate
 .text.SPDM_CalcPid
                0x000000000800828c      0x6b8 Src/spdm.o
                0x000000000800828c                SPDM_CalcPid
 .text.SPDM_CtrlParams
                0x0000000008008944       0xb8 Src/spdm.o
                0x0000000008008944                SPDM_CtrlParams
 .text.SPDM_ExCtrlParams
                0x00000000080089fc       0x6e Src/spdm.o
                0x00000000080089fc                SPDM_ExCtrlParams
 .text.SPDM_CmdVel
                0x0000000008008a6a       0x44 Src/spdm.o
                0x0000000008008a6a                SPDM_CmdVel
 *fill*         0x0000000008008aae        0x2 
 .text.SPDM_SendCmd
                0x0000000008008ab0      0x110 Src/spdm.o
                0x0000000008008ab0                SPDM_SendCmd
 .text.SPDM_SetDir
                0x0000000008008bc0       0x46 Src/spdm.o
                0x0000000008008bc0                SPDM_SetDir
 *fill*         0x0000000008008c06        0x2 
 .text.MX_SPI5_Init
                0x0000000008008c08       0x6c Src/spi.o
                0x0000000008008c08                MX_SPI5_Init
 .text.HAL_SPI_MspInit
                0x0000000008008c74       0x90 Src/spi.o
                0x0000000008008c74                HAL_SPI_MspInit
 .text.HAL_MspInit
                0x0000000008008d04       0x58 Src/stm32f4xx_hal_msp.o
                0x0000000008008d04                HAL_MspInit
 .text.HAL_InitTick
                0x0000000008008d5c       0xb4 Src/stm32f4xx_hal_timebase_tim.o
                0x0000000008008d5c                HAL_InitTick
 .text.NMI_Handler
                0x0000000008008e10        0xc Src/stm32f4xx_it.o
                0x0000000008008e10                NMI_Handler
 .text.HardFault_Handler
                0x0000000008008e1c        0x6 Src/stm32f4xx_it.o
                0x0000000008008e1c                HardFault_Handler
 .text.MemManage_Handler
                0x0000000008008e22        0x6 Src/stm32f4xx_it.o
                0x0000000008008e22                MemManage_Handler
 .text.BusFault_Handler
                0x0000000008008e28        0x6 Src/stm32f4xx_it.o
                0x0000000008008e28                BusFault_Handler
 .text.UsageFault_Handler
                0x0000000008008e2e        0x6 Src/stm32f4xx_it.o
                0x0000000008008e2e                UsageFault_Handler
 .text.DebugMon_Handler
                0x0000000008008e34        0xe Src/stm32f4xx_it.o
                0x0000000008008e34                DebugMon_Handler
 *fill*         0x0000000008008e42        0x2 
 .text.DMA1_Stream3_IRQHandler
                0x0000000008008e44       0x14 Src/stm32f4xx_it.o
                0x0000000008008e44                DMA1_Stream3_IRQHandler
 .text.DMA1_Stream6_IRQHandler
                0x0000000008008e58       0x14 Src/stm32f4xx_it.o
                0x0000000008008e58                DMA1_Stream6_IRQHandler
 .text.CAN1_RX0_IRQHandler
                0x0000000008008e6c       0x14 Src/stm32f4xx_it.o
                0x0000000008008e6c                CAN1_RX0_IRQHandler
 .text.TIM8_TRG_COM_TIM14_IRQHandler
                0x0000000008008e80       0x14 Src/stm32f4xx_it.o
                0x0000000008008e80                TIM8_TRG_COM_TIM14_IRQHandler
 .text.UART7_IRQHandler
                0x0000000008008e94       0x14 Src/stm32f4xx_it.o
                0x0000000008008e94                UART7_IRQHandler
 .text.UART8_IRQHandler
                0x0000000008008ea8       0x14 Src/stm32f4xx_it.o
                0x0000000008008ea8                UART8_IRQHandler
 .text._read    0x0000000008008ebc       0x3a Src/syscalls.o
                0x0000000008008ebc                _read
 .text._write   0x0000000008008ef6       0x38 Src/syscalls.o
                0x0000000008008ef6                _write
 .text._close   0x0000000008008f2e       0x18 Src/syscalls.o
                0x0000000008008f2e                _close
 .text._fstat   0x0000000008008f46       0x20 Src/syscalls.o
                0x0000000008008f46                _fstat
 .text._isatty  0x0000000008008f66       0x16 Src/syscalls.o
                0x0000000008008f66                _isatty
 .text._lseek   0x0000000008008f7c       0x1a Src/syscalls.o
                0x0000000008008f7c                _lseek
 *fill*         0x0000000008008f96        0x2 
 .text._sbrk    0x0000000008008f98       0x58 Src/sysmem.o
                0x0000000008008f98                _sbrk
 .text.SystemInit
                0x0000000008008ff0       0x2c Src/system_stm32f4xx.o
                0x0000000008008ff0                SystemInit
 .text.MX_UART7_Init
                0x000000000800901c       0x54 Src/usart.o
                0x000000000800901c                MX_UART7_Init
 .text.MX_UART8_Init
                0x0000000008009070       0x54 Src/usart.o
                0x0000000008009070                MX_UART8_Init
 .text.HAL_UART_MspInit
                0x00000000080090c4      0x1e4 Src/usart.o
                0x00000000080090c4                HAL_UART_MspInit
 .text.Reset_Handler
                0x00000000080092a8       0x50 Startup/startup_stm32f427iihx.o
                0x00000000080092a8                Reset_Handler
 .text.Default_Handler
                0x00000000080092f8        0x2 Startup/startup_stm32f427iihx.o
                0x00000000080092f8                RTC_Alarm_IRQHandler
                0x00000000080092f8                HASH_RNG_IRQHandler
                0x00000000080092f8                EXTI2_IRQHandler
                0x00000000080092f8                TIM8_CC_IRQHandler
                0x00000000080092f8                SPI4_IRQHandler
                0x00000000080092f8                TIM1_CC_IRQHandler
                0x00000000080092f8                DMA2_Stream5_IRQHandler
                0x00000000080092f8                DMA1_Stream5_IRQHandler
                0x00000000080092f8                PVD_IRQHandler
                0x00000000080092f8                SDIO_IRQHandler
                0x00000000080092f8                TAMP_STAMP_IRQHandler
                0x00000000080092f8                CAN2_RX1_IRQHandler
                0x00000000080092f8                EXTI3_IRQHandler
                0x00000000080092f8                TIM1_UP_TIM10_IRQHandler
                0x00000000080092f8                TIM8_UP_TIM13_IRQHandler
                0x00000000080092f8                I2C3_ER_IRQHandler
                0x00000000080092f8                EXTI0_IRQHandler
                0x00000000080092f8                I2C2_EV_IRQHandler
                0x00000000080092f8                DMA1_Stream2_IRQHandler
                0x00000000080092f8                FPU_IRQHandler
                0x00000000080092f8                OTG_HS_WKUP_IRQHandler
                0x00000000080092f8                CAN2_SCE_IRQHandler
                0x00000000080092f8                DMA2_Stream2_IRQHandler
                0x00000000080092f8                SPI1_IRQHandler
                0x00000000080092f8                TIM6_DAC_IRQHandler
                0x00000000080092f8                TIM1_BRK_TIM9_IRQHandler
                0x00000000080092f8                DCMI_IRQHandler
                0x00000000080092f8                CAN2_RX0_IRQHandler
                0x00000000080092f8                DMA2_Stream3_IRQHandler
                0x00000000080092f8                USART6_IRQHandler
                0x00000000080092f8                USART3_IRQHandler
                0x00000000080092f8                CAN1_RX1_IRQHandler
                0x00000000080092f8                UART5_IRQHandler
                0x00000000080092f8                DMA2_Stream0_IRQHandler
                0x00000000080092f8                TIM4_IRQHandler
                0x00000000080092f8                I2C1_EV_IRQHandler
                0x00000000080092f8                DMA1_Stream1_IRQHandler
                0x00000000080092f8                UART4_IRQHandler
                0x00000000080092f8                TIM3_IRQHandler
                0x00000000080092f8                RCC_IRQHandler
                0x00000000080092f8                TIM8_BRK_TIM12_IRQHandler
                0x00000000080092f8                Default_Handler
                0x00000000080092f8                EXTI15_10_IRQHandler
                0x00000000080092f8                ADC_IRQHandler
                0x00000000080092f8                DMA1_Stream7_IRQHandler
                0x00000000080092f8                SPI5_IRQHandler
                0x00000000080092f8                TIM7_IRQHandler
                0x00000000080092f8                CAN2_TX_IRQHandler
                0x00000000080092f8                TIM5_IRQHandler
                0x00000000080092f8                DMA2_Stream7_IRQHandler
                0x00000000080092f8                I2C3_EV_IRQHandler
                0x00000000080092f8                EXTI9_5_IRQHandler
                0x00000000080092f8                RTC_WKUP_IRQHandler
                0x00000000080092f8                ETH_WKUP_IRQHandler
                0x00000000080092f8                SPI2_IRQHandler
                0x00000000080092f8                OTG_HS_EP1_IN_IRQHandler
                0x00000000080092f8                DMA1_Stream0_IRQHandler
                0x00000000080092f8                CAN1_TX_IRQHandler
                0x00000000080092f8                EXTI4_IRQHandler
                0x00000000080092f8                ETH_IRQHandler
                0x00000000080092f8                OTG_HS_EP1_OUT_IRQHandler
                0x00000000080092f8                WWDG_IRQHandler
                0x00000000080092f8                SPI6_IRQHandler
                0x00000000080092f8                TIM2_IRQHandler
                0x00000000080092f8                OTG_FS_WKUP_IRQHandler
                0x00000000080092f8                TIM1_TRG_COM_TIM11_IRQHandler
                0x00000000080092f8                OTG_HS_IRQHandler
                0x00000000080092f8                DMA2D_IRQHandler
                0x00000000080092f8                EXTI1_IRQHandler
                0x00000000080092f8                USART2_IRQHandler
                0x00000000080092f8                I2C2_ER_IRQHandler
                0x00000000080092f8                DMA2_Stream1_IRQHandler
                0x00000000080092f8                CAN1_SCE_IRQHandler
                0x00000000080092f8                FLASH_IRQHandler
                0x00000000080092f8                DMA2_Stream4_IRQHandler
                0x00000000080092f8                USART1_IRQHandler
                0x00000000080092f8                OTG_FS_IRQHandler
                0x00000000080092f8                SPI3_IRQHandler
                0x00000000080092f8                DMA1_Stream4_IRQHandler
                0x00000000080092f8                I2C1_ER_IRQHandler
                0x00000000080092f8                FMC_IRQHandler
                0x00000000080092f8                DMA2_Stream6_IRQHandler
                0x00000000080092f8                SAI1_IRQHandler
 *fill*         0x00000000080092fa        0x2 
 .text.__errno  0x00000000080092fc        0xc d:/stm32cubeide/stm32cubeide_1.3.0/stm32cubeide/plugins/com.st.stm32cube.ide.mcu.externaltools.gnu-tools-for-stm32.7-2018-q2-update.win32_1.0.0.201904181610/tools/bin/../lib/gcc/arm-none-eabi/7.3.1/../../../../arm-none-eabi/lib/thumb/v7e-m/fpv4-sp/hard\libc_nano.a(lib_a-errno.o)
                0x00000000080092fc                __errno
 .text.__libc_init_array
                0x0000000008009308       0x48 d:/stm32cubeide/stm32cubeide_1.3.0/stm32cubeide/plugins/com.st.stm32cube.ide.mcu.externaltools.gnu-tools-for-stm32.7-2018-q2-update.win32_1.0.0.201904181610/tools/bin/../lib/gcc/arm-none-eabi/7.3.1/../../../../arm-none-eabi/lib/thumb/v7e-m/fpv4-sp/hard\libc_nano.a(lib_a-init.o)
                0x0000000008009308                __libc_init_array
 .text.memcpy   0x0000000008009350       0x16 d:/stm32cubeide/stm32cubeide_1.3.0/stm32cubeide/plugins/com.st.stm32cube.ide.mcu.externaltools.gnu-tools-for-stm32.7-2018-q2-update.win32_1.0.0.201904181610/tools/bin/../lib/gcc/arm-none-eabi/7.3.1/../../../../arm-none-eabi/lib/thumb/v7e-m/fpv4-sp/hard\libc_nano.a(lib_a-memcpy-stub.o)
                0x0000000008009350                memcpy
 .text.memset   0x0000000008009366       0x10 d:/stm32cubeide/stm32cubeide_1.3.0/stm32cubeide/plugins/com.st.stm32cube.ide.mcu.externaltools.gnu-tools-for-stm32.7-2018-q2-update.win32_1.0.0.201904181610/tools/bin/../lib/gcc/arm-none-eabi/7.3.1/../../../../arm-none-eabi/lib/thumb/v7e-m/fpv4-sp/hard\libc_nano.a(lib_a-memset.o)
                0x0000000008009366                memset
 *fill*         0x0000000008009376        0x2 
 .text._free_r  0x0000000008009378       0x9c d:/stm32cubeide/stm32cubeide_1.3.0/stm32cubeide/plugins/com.st.stm32cube.ide.mcu.externaltools.gnu-tools-for-stm32.7-2018-q2-update.win32_1.0.0.201904181610/tools/bin/../lib/gcc/arm-none-eabi/7.3.1/../../../../arm-none-eabi/lib/thumb/v7e-m/fpv4-sp/hard\libc_nano.a(lib_a-nano-freer.o)
                0x0000000008009378                _free_r
 .text._malloc_r
                0x0000000008009414       0xb4 d:/stm32cubeide/stm32cubeide_1.3.0/stm32cubeide/plugins/com.st.stm32cube.ide.mcu.externaltools.gnu-tools-for-stm32.7-2018-q2-update.win32_1.0.0.201904181610/tools/bin/../lib/gcc/arm-none-eabi/7.3.1/../../../../arm-none-eabi/lib/thumb/v7e-m/fpv4-sp/hard\libc_nano.a(lib_a-nano-mallocr.o)
                0x0000000008009414                _malloc_r
 .text._puts_r  0x00000000080094c8       0xb8 d:/stm32cubeide/stm32cubeide_1.3.0/stm32cubeide/plugins/com.st.stm32cube.ide.mcu.externaltools.gnu-tools-for-stm32.7-2018-q2-update.win32_1.0.0.201904181610/tools/bin/../lib/gcc/arm-none-eabi/7.3.1/../../../../arm-none-eabi/lib/thumb/v7e-m/fpv4-sp/hard\libc_nano.a(lib_a-puts.o)
                0x00000000080094c8                _puts_r
 .text.puts     0x0000000008009580       0x10 d:/stm32cubeide/stm32cubeide_1.3.0/stm32cubeide/plugins/com.st.stm32cube.ide.mcu.externaltools.gnu-tools-for-stm32.7-2018-q2-update.win32_1.0.0.201904181610/tools/bin/../lib/gcc/arm-none-eabi/7.3.1/../../../../arm-none-eabi/lib/thumb/v7e-m/fpv4-sp/hard\libc_nano.a(lib_a-puts.o)
                0x0000000008009580                puts
 .text._sbrk_r  0x0000000008009590       0x20 d:/stm32cubeide/stm32cubeide_1.3.0/stm32cubeide/plugins/com.st.stm32cube.ide.mcu.externaltools.gnu-tools-for-stm32.7-2018-q2-update.win32_1.0.0.201904181610/tools/bin/../lib/gcc/arm-none-eabi/7.3.1/../../../../arm-none-eabi/lib/thumb/v7e-m/fpv4-sp/hard\libc_nano.a(lib_a-sbrkr.o)
                0x0000000008009590                _sbrk_r
 .text.__swbuf_r
                0x00000000080095b0       0xa4 d:/stm32cubeide/stm32cubeide_1.3.0/stm32cubeide/plugins/com.st.stm32cube.ide.mcu.externaltools.gnu-tools-for-stm32.7-2018-q2-update.win32_1.0.0.201904181610/tools/bin/../lib/gcc/arm-none-eabi/7.3.1/../../../../arm-none-eabi/lib/thumb/v7e-m/fpv4-sp/hard\libc_nano.a(lib_a-wbuf.o)
                0x00000000080095b0                __swbuf_r
 .text.__swsetup_r
                0x0000000008009654       0xdc d:/stm32cubeide/stm32cubeide_1.3.0/stm32cubeide/plugins/com.st.stm32cube.ide.mcu.externaltools.gnu-tools-for-stm32.7-2018-q2-update.win32_1.0.0.201904181610/tools/bin/../lib/gcc/arm-none-eabi/7.3.1/../../../../arm-none-eabi/lib/thumb/v7e-m/fpv4-sp/hard\libc_nano.a(lib_a-wsetup.o)
                0x0000000008009654                __swsetup_r
 .text.__sflush_r
                0x0000000008009730      0x10c d:/stm32cubeide/stm32cubeide_1.3.0/stm32cubeide/plugins/com.st.stm32cube.ide.mcu.externaltools.gnu-tools-for-stm32.7-2018-q2-update.win32_1.0.0.201904181610/tools/bin/../lib/gcc/arm-none-eabi/7.3.1/../../../../arm-none-eabi/lib/thumb/v7e-m/fpv4-sp/hard\libc_nano.a(lib_a-fflush.o)
                0x0000000008009730                __sflush_r
 .text._fflush_r
                0x000000000800983c       0x54 d:/stm32cubeide/stm32cubeide_1.3.0/stm32cubeide/plugins/com.st.stm32cube.ide.mcu.externaltools.gnu-tools-for-stm32.7-2018-q2-update.win32_1.0.0.201904181610/tools/bin/../lib/gcc/arm-none-eabi/7.3.1/../../../../arm-none-eabi/lib/thumb/v7e-m/fpv4-sp/hard\libc_nano.a(lib_a-fflush.o)
                0x000000000800983c                _fflush_r
 .text.std      0x0000000008009890       0x48 d:/stm32cubeide/stm32cubeide_1.3.0/stm32cubeide/plugins/com.st.stm32cube.ide.mcu.externaltools.gnu-tools-for-stm32.7-2018-q2-update.win32_1.0.0.201904181610/tools/bin/../lib/gcc/arm-none-eabi/7.3.1/../../../../arm-none-eabi/lib/thumb/v7e-m/fpv4-sp/hard\libc_nano.a(lib_a-findfp.o)
 .text._cleanup_r
                0x00000000080098d8        0xc d:/stm32cubeide/stm32cubeide_1.3.0/stm32cubeide/plugins/com.st.stm32cube.ide.mcu.externaltools.gnu-tools-for-stm32.7-2018-q2-update.win32_1.0.0.201904181610/tools/bin/../lib/gcc/arm-none-eabi/7.3.1/../../../../arm-none-eabi/lib/thumb/v7e-m/fpv4-sp/hard\libc_nano.a(lib_a-findfp.o)
                0x00000000080098d8                _cleanup_r
 .text.__sfmoreglue
                0x00000000080098e4       0x2c d:/stm32cubeide/stm32cubeide_1.3.0/stm32cubeide/plugins/com.st.stm32cube.ide.mcu.externaltools.gnu-tools-for-stm32.7-2018-q2-update.win32_1.0.0.201904181610/tools/bin/../lib/gcc/arm-none-eabi/7.3.1/../../../../arm-none-eabi/lib/thumb/v7e-m/fpv4-sp/hard\libc_nano.a(lib_a-findfp.o)
                0x00000000080098e4                __sfmoreglue
 .text.__sinit  0x0000000008009910       0x60 d:/stm32cubeide/stm32cubeide_1.3.0/stm32cubeide/plugins/com.st.stm32cube.ide.mcu.externaltools.gnu-tools-for-stm32.7-2018-q2-update.win32_1.0.0.201904181610/tools/bin/../lib/gcc/arm-none-eabi/7.3.1/../../../../arm-none-eabi/lib/thumb/v7e-m/fpv4-sp/hard\libc_nano.a(lib_a-findfp.o)
                0x0000000008009910                __sinit
 .text.__sfp    0x0000000008009970       0x78 d:/stm32cubeide/stm32cubeide_1.3.0/stm32cubeide/plugins/com.st.stm32cube.ide.mcu.externaltools.gnu-tools-for-stm32.7-2018-q2-update.win32_1.0.0.201904181610/tools/bin/../lib/gcc/arm-none-eabi/7.3.1/../../../../arm-none-eabi/lib/thumb/v7e-m/fpv4-sp/hard\libc_nano.a(lib_a-findfp.o)
                0x0000000008009970                __sfp
 .text._fwalk_reent
                0x00000000080099e8       0x3c d:/stm32cubeide/stm32cubeide_1.3.0/stm32cubeide/plugins/com.st.stm32cube.ide.mcu.externaltools.gnu-tools-for-stm32.7-2018-q2-update.win32_1.0.0.201904181610/tools/bin/../lib/gcc/arm-none-eabi/7.3.1/../../../../arm-none-eabi/lib/thumb/v7e-m/fpv4-sp/hard\libc_nano.a(lib_a-fwalk.o)
                0x00000000080099e8                _fwalk_reent
 .text.__swhatbuf_r
                0x0000000008009a24       0x48 d:/stm32cubeide/stm32cubeide_1.3.0/stm32cubeide/plugins/com.st.stm32cube.ide.mcu.externaltools.gnu-tools-for-stm32.7-2018-q2-update.win32_1.0.0.201904181610/tools/bin/../lib/gcc/arm-none-eabi/7.3.1/../../../../arm-none-eabi/lib/thumb/v7e-m/fpv4-sp/hard\libc_nano.a(lib_a-makebuf.o)
                0x0000000008009a24                __swhatbuf_r
 .text.__smakebuf_r
                0x0000000008009a6c       0x80 d:/stm32cubeide/stm32cubeide_1.3.0/stm32cubeide/plugins/com.st.stm32cube.ide.mcu.externaltools.gnu-tools-for-stm32.7-2018-q2-update.win32_1.0.0.201904181610/tools/bin/../lib/gcc/arm-none-eabi/7.3.1/../../../../arm-none-eabi/lib/thumb/v7e-m/fpv4-sp/hard\libc_nano.a(lib_a-makebuf.o)
                0x0000000008009a6c                __smakebuf_r
 .text.__malloc_lock
                0x0000000008009aec        0x2 d:/stm32cubeide/stm32cubeide_1.3.0/stm32cubeide/plugins/com.st.stm32cube.ide.mcu.externaltools.gnu-tools-for-stm32.7-2018-q2-update.win32_1.0.0.201904181610/tools/bin/../lib/gcc/arm-none-eabi/7.3.1/../../../../arm-none-eabi/lib/thumb/v7e-m/fpv4-sp/hard\libc_nano.a(lib_a-mlock.o)
                0x0000000008009aec                __malloc_lock
 .text.__malloc_unlock
                0x0000000008009aee        0x2 d:/stm32cubeide/stm32cubeide_1.3.0/stm32cubeide/plugins/com.st.stm32cube.ide.mcu.externaltools.gnu-tools-for-stm32.7-2018-q2-update.win32_1.0.0.201904181610/tools/bin/../lib/gcc/arm-none-eabi/7.3.1/../../../../arm-none-eabi/lib/thumb/v7e-m/fpv4-sp/hard\libc_nano.a(lib_a-mlock.o)
                0x0000000008009aee                __malloc_unlock
 .text.__sread  0x0000000008009af0       0x22 d:/stm32cubeide/stm32cubeide_1.3.0/stm32cubeide/plugins/com.st.stm32cube.ide.mcu.externaltools.gnu-tools-for-stm32.7-2018-q2-update.win32_1.0.0.201904181610/tools/bin/../lib/gcc/arm-none-eabi/7.3.1/../../../../arm-none-eabi/lib/thumb/v7e-m/fpv4-sp/hard\libc_nano.a(lib_a-stdio.o)
                0x0000000008009af0                __sread
 .text.__swrite
                0x0000000008009b12       0x38 d:/stm32cubeide/stm32cubeide_1.3.0/stm32cubeide/plugins/com.st.stm32cube.ide.mcu.externaltools.gnu-tools-for-stm32.7-2018-q2-update.win32_1.0.0.201904181610/tools/bin/../lib/gcc/arm-none-eabi/7.3.1/../../../../arm-none-eabi/lib/thumb/v7e-m/fpv4-sp/hard\libc_nano.a(lib_a-stdio.o)
                0x0000000008009b12                __swrite
 .text.__sseek  0x0000000008009b4a       0x24 d:/stm32cubeide/stm32cubeide_1.3.0/stm32cubeide/plugins/com.st.stm32cube.ide.mcu.externaltools.gnu-tools-for-stm32.7-2018-q2-update.win32_1.0.0.201904181610/tools/bin/../lib/gcc/arm-none-eabi/7.3.1/../../../../arm-none-eabi/lib/thumb/v7e-m/fpv4-sp/hard\libc_nano.a(lib_a-stdio.o)
                0x0000000008009b4a                __sseek
 .text.__sclose
                0x0000000008009b6e        0x8 d:/stm32cubeide/stm32cubeide_1.3.0/stm32cubeide/plugins/com.st.stm32cube.ide.mcu.externaltools.gnu-tools-for-stm32.7-2018-q2-update.win32_1.0.0.201904181610/tools/bin/../lib/gcc/arm-none-eabi/7.3.1/../../../../arm-none-eabi/lib/thumb/v7e-m/fpv4-sp/hard\libc_nano.a(lib_a-stdio.o)
                0x0000000008009b6e                __sclose
 *fill*         0x0000000008009b76        0x2 
 .text._write_r
                0x0000000008009b78       0x24 d:/stm32cubeide/stm32cubeide_1.3.0/stm32cubeide/plugins/com.st.stm32cube.ide.mcu.externaltools.gnu-tools-for-stm32.7-2018-q2-update.win32_1.0.0.201904181610/tools/bin/../lib/gcc/arm-none-eabi/7.3.1/../../../../arm-none-eabi/lib/thumb/v7e-m/fpv4-sp/hard\libc_nano.a(lib_a-writer.o)
                0x0000000008009b78                _write_r
 .text._close_r
                0x0000000008009b9c       0x20 d:/stm32cubeide/stm32cubeide_1.3.0/stm32cubeide/plugins/com.st.stm32cube.ide.mcu.externaltools.gnu-tools-for-stm32.7-2018-q2-update.win32_1.0.0.201904181610/tools/bin/../lib/gcc/arm-none-eabi/7.3.1/../../../../arm-none-eabi/lib/thumb/v7e-m/fpv4-sp/hard\libc_nano.a(lib_a-closer.o)
                0x0000000008009b9c                _close_r
 .text._fstat_r
                0x0000000008009bbc       0x24 d:/stm32cubeide/stm32cubeide_1.3.0/stm32cubeide/plugins/com.st.stm32cube.ide.mcu.externaltools.gnu-tools-for-stm32.7-2018-q2-update.win32_1.0.0.201904181610/tools/bin/../lib/gcc/arm-none-eabi/7.3.1/../../../../arm-none-eabi/lib/thumb/v7e-m/fpv4-sp/hard\libc_nano.a(lib_a-fstatr.o)
                0x0000000008009bbc                _fstat_r
 .text._isatty_r
                0x0000000008009be0       0x20 d:/stm32cubeide/stm32cubeide_1.3.0/stm32cubeide/plugins/com.st.stm32cube.ide.mcu.externaltools.gnu-tools-for-stm32.7-2018-q2-update.win32_1.0.0.201904181610/tools/bin/../lib/gcc/arm-none-eabi/7.3.1/../../../../arm-none-eabi/lib/thumb/v7e-m/fpv4-sp/hard\libc_nano.a(lib_a-isattyr.o)
                0x0000000008009be0                _isatty_r
 .text._lseek_r
                0x0000000008009c00       0x24 d:/stm32cubeide/stm32cubeide_1.3.0/stm32cubeide/plugins/com.st.stm32cube.ide.mcu.externaltools.gnu-tools-for-stm32.7-2018-q2-update.win32_1.0.0.201904181610/tools/bin/../lib/gcc/arm-none-eabi/7.3.1/../../../../arm-none-eabi/lib/thumb/v7e-m/fpv4-sp/hard\libc_nano.a(lib_a-lseekr.o)
                0x0000000008009c00                _lseek_r
 .text._read_r  0x0000000008009c24       0x24 d:/stm32cubeide/stm32cubeide_1.3.0/stm32cubeide/plugins/com.st.stm32cube.ide.mcu.externaltools.gnu-tools-for-stm32.7-2018-q2-update.win32_1.0.0.201904181610/tools/bin/../lib/gcc/arm-none-eabi/7.3.1/../../../../arm-none-eabi/lib/thumb/v7e-m/fpv4-sp/hard\libc_nano.a(lib_a-readr.o)
                0x0000000008009c24                _read_r
 *(.glue_7)
 .glue_7        0x0000000008009c48        0x0 linker stubs
 *(.glue_7t)
 .glue_7t       0x0000000008009c48        0x0 linker stubs
 *(.eh_frame)
 .eh_frame      0x0000000008009c48        0x0 d:/stm32cubeide/stm32cubeide_1.3.0/stm32cubeide/plugins/com.st.stm32cube.ide.mcu.externaltools.gnu-tools-for-stm32.7-2018-q2-update.win32_1.0.0.201904181610/tools/bin/../lib/gcc/arm-none-eabi/7.3.1/thumb/v7e-m/fpv4-sp/hard/crtbegin.o
 *(.init)
 .init          0x0000000008009c48        0x4 d:/stm32cubeide/stm32cubeide_1.3.0/stm32cubeide/plugins/com.st.stm32cube.ide.mcu.externaltools.gnu-tools-for-stm32.7-2018-q2-update.win32_1.0.0.201904181610/tools/bin/../lib/gcc/arm-none-eabi/7.3.1/thumb/v7e-m/fpv4-sp/hard/crti.o
                0x0000000008009c48                _init
 .init          0x0000000008009c4c        0x8 d:/stm32cubeide/stm32cubeide_1.3.0/stm32cubeide/plugins/com.st.stm32cube.ide.mcu.externaltools.gnu-tools-for-stm32.7-2018-q2-update.win32_1.0.0.201904181610/tools/bin/../lib/gcc/arm-none-eabi/7.3.1/thumb/v7e-m/fpv4-sp/hard/crtn.o
 *(.fini)
 .fini          0x0000000008009c54        0x4 d:/stm32cubeide/stm32cubeide_1.3.0/stm32cubeide/plugins/com.st.stm32cube.ide.mcu.externaltools.gnu-tools-for-stm32.7-2018-q2-update.win32_1.0.0.201904181610/tools/bin/../lib/gcc/arm-none-eabi/7.3.1/thumb/v7e-m/fpv4-sp/hard/crti.o
                0x0000000008009c54                _fini
 .fini          0x0000000008009c58        0x8 d:/stm32cubeide/stm32cubeide_1.3.0/stm32cubeide/plugins/com.st.stm32cube.ide.mcu.externaltools.gnu-tools-for-stm32.7-2018-q2-update.win32_1.0.0.201904181610/tools/bin/../lib/gcc/arm-none-eabi/7.3.1/thumb/v7e-m/fpv4-sp/hard/crtn.o
                0x0000000008009c60                . = ALIGN (0x4)
                0x0000000008009c60                _etext = .

.vfp11_veneer   0x0000000008009c60        0x0
 .vfp11_veneer  0x0000000008009c60        0x0 linker stubs

.v4_bx          0x0000000008009c60        0x0
 .v4_bx         0x0000000008009c60        0x0 linker stubs

.iplt           0x0000000008009c60        0x0
 .iplt          0x0000000008009c60        0x0 d:/stm32cubeide/stm32cubeide_1.3.0/stm32cubeide/plugins/com.st.stm32cube.ide.mcu.externaltools.gnu-tools-for-stm32.7-2018-q2-update.win32_1.0.0.201904181610/tools/bin/../lib/gcc/arm-none-eabi/7.3.1/thumb/v7e-m/fpv4-sp/hard/crtbegin.o

.rodata         0x0000000008009c60      0x2d4
                0x0000000008009c60                . = ALIGN (0x4)
 *(.rodata)
 .rodata        0x0000000008009c60        0x5 Middlewares/Third_Party/FreeRTOS/Source/tasks.o
 *fill*         0x0000000008009c65        0x3 
 .rodata        0x0000000008009c68       0x84 Src/dev.o
 .rodata        0x0000000008009cec       0xed Src/easyMatrix.o
 *fill*         0x0000000008009dd9        0x3 
 .rodata        0x0000000008009ddc       0xd4 Src/freertos.o
 *(.rodata*)
 .rodata.flagBitshiftOffset.8483
                0x0000000008009eb0        0x8 Drivers/STM32F4xx_HAL_Driver/Src/stm32f4xx_hal_dma.o
 .rodata.AHBPrescTable
                0x0000000008009eb8       0x10 Src/system_stm32f4xx.o
                0x0000000008009eb8                AHBPrescTable
 .rodata.APBPrescTable
                0x0000000008009ec8        0x8 Src/system_stm32f4xx.o
                0x0000000008009ec8                APBPrescTable
 .rodata._global_impure_ptr
                0x0000000008009ed0        0x4 d:/stm32cubeide/stm32cubeide_1.3.0/stm32cubeide/plugins/com.st.stm32cube.ide.mcu.externaltools.gnu-tools-for-stm32.7-2018-q2-update.win32_1.0.0.201904181610/tools/bin/../lib/gcc/arm-none-eabi/7.3.1/../../../../arm-none-eabi/lib/thumb/v7e-m/fpv4-sp/hard\libc_nano.a(lib_a-impure.o)
                0x0000000008009ed0                _global_impure_ptr
 .rodata.__sf_fake_stderr
                0x0000000008009ed4       0x20 d:/stm32cubeide/stm32cubeide_1.3.0/stm32cubeide/plugins/com.st.stm32cube.ide.mcu.externaltools.gnu-tools-for-stm32.7-2018-q2-update.win32_1.0.0.201904181610/tools/bin/../lib/gcc/arm-none-eabi/7.3.1/../../../../arm-none-eabi/lib/thumb/v7e-m/fpv4-sp/hard\libc_nano.a(lib_a-findfp.o)
                0x0000000008009ed4                __sf_fake_stderr
 .rodata.__sf_fake_stdin
                0x0000000008009ef4       0x20 d:/stm32cubeide/stm32cubeide_1.3.0/stm32cubeide/plugins/com.st.stm32cube.ide.mcu.externaltools.gnu-tools-for-stm32.7-2018-q2-update.win32_1.0.0.201904181610/tools/bin/../lib/gcc/arm-none-eabi/7.3.1/../../../../arm-none-eabi/lib/thumb/v7e-m/fpv4-sp/hard\libc_nano.a(lib_a-findfp.o)
                0x0000000008009ef4                __sf_fake_stdin
 .rodata.__sf_fake_stdout
                0x0000000008009f14       0x20 d:/stm32cubeide/stm32cubeide_1.3.0/stm32cubeide/plugins/com.st.stm32cube.ide.mcu.externaltools.gnu-tools-for-stm32.7-2018-q2-update.win32_1.0.0.201904181610/tools/bin/../lib/gcc/arm-none-eabi/7.3.1/../../../../arm-none-eabi/lib/thumb/v7e-m/fpv4-sp/hard\libc_nano.a(lib_a-findfp.o)
                0x0000000008009f14                __sf_fake_stdout
                0x0000000008009f34                . = ALIGN (0x4)

.ARM.extab      0x0000000008009f34        0x0
                0x0000000008009f34                . = ALIGN (0x4)
 *(.ARM.extab* .gnu.linkonce.armextab.*)
                0x0000000008009f34                . = ALIGN (0x4)

.ARM            0x0000000008009f34        0x8
                0x0000000008009f34                . = ALIGN (0x4)
                0x0000000008009f34                __exidx_start = .
 *(.ARM.exidx*)
 .ARM.exidx     0x0000000008009f34        0x8 d:/stm32cubeide/stm32cubeide_1.3.0/stm32cubeide/plugins/com.st.stm32cube.ide.mcu.externaltools.gnu-tools-for-stm32.7-2018-q2-update.win32_1.0.0.201904181610/tools/bin/../lib/gcc/arm-none-eabi/7.3.1/thumb/v7e-m/fpv4-sp/hard\libgcc.a(_udivmoddi4.o)
                0x0000000008009f3c                __exidx_end = .
                0x0000000008009f3c                . = ALIGN (0x4)

.rel.dyn        0x0000000008009f3c        0x0
 .rel.iplt      0x0000000008009f3c        0x0 d:/stm32cubeide/stm32cubeide_1.3.0/stm32cubeide/plugins/com.st.stm32cube.ide.mcu.externaltools.gnu-tools-for-stm32.7-2018-q2-update.win32_1.0.0.201904181610/tools/bin/../lib/gcc/arm-none-eabi/7.3.1/thumb/v7e-m/fpv4-sp/hard/crtbegin.o

.preinit_array  0x0000000008009f3c        0x0
                0x0000000008009f3c                . = ALIGN (0x4)
                0x0000000008009f3c                PROVIDE (__preinit_array_start = .)
 *(.preinit_array*)
                0x0000000008009f3c                PROVIDE (__preinit_array_end = .)
                0x0000000008009f3c                . = ALIGN (0x4)

.init_array     0x0000000008009f3c        0x4
                0x0000000008009f3c                . = ALIGN (0x4)
                0x0000000008009f3c                PROVIDE (__init_array_start = .)
 *(SORT_BY_NAME(.init_array.*))
 *(.init_array*)
 .init_array    0x0000000008009f3c        0x4 d:/stm32cubeide/stm32cubeide_1.3.0/stm32cubeide/plugins/com.st.stm32cube.ide.mcu.externaltools.gnu-tools-for-stm32.7-2018-q2-update.win32_1.0.0.201904181610/tools/bin/../lib/gcc/arm-none-eabi/7.3.1/thumb/v7e-m/fpv4-sp/hard/crtbegin.o
                0x0000000008009f40                PROVIDE (__init_array_end = .)
                0x0000000008009f40                . = ALIGN (0x4)

.fini_array     0x0000000008009f40        0x4
                0x0000000008009f40                . = ALIGN (0x4)
                [!provide]                        PROVIDE (__fini_array_start = .)
 *(SORT_BY_NAME(.fini_array.*))
 *(.fini_array*)
 .fini_array    0x0000000008009f40        0x4 d:/stm32cubeide/stm32cubeide_1.3.0/stm32cubeide/plugins/com.st.stm32cube.ide.mcu.externaltools.gnu-tools-for-stm32.7-2018-q2-update.win32_1.0.0.201904181610/tools/bin/../lib/gcc/arm-none-eabi/7.3.1/thumb/v7e-m/fpv4-sp/hard/crtbegin.o
                [!provide]                        PROVIDE (__fini_array_end = .)
                0x0000000008009f44                . = ALIGN (0x4)
                0x0000000008009f44                _sidata = LOADADDR (.data)

.data           0x0000000020000000       0x78 load address 0x0000000008009f44
                0x0000000020000000                . = ALIGN (0x4)
                0x0000000020000000                _sdata = .
 *(.data)
 *(.data*)
 .data.uwTickPrio
                0x0000000020000000        0x4 Drivers/STM32F4xx_HAL_Driver/Src/stm32f4xx_hal.o
                0x0000000020000000                uwTickPrio
 .data.uwTickFreq
                0x0000000020000004        0x1 Drivers/STM32F4xx_HAL_Driver/Src/stm32f4xx_hal.o
                0x0000000020000004                uwTickFreq
 *fill*         0x0000000020000005        0x3 
 .data.uxCriticalNesting
                0x0000000020000008        0x4 Middlewares/Third_Party/FreeRTOS/Source/portable/GCC/ARM_CM4F/port.o
 .data.fix_cmd  0x000000002000000c        0x1 Src/dev.o
                0x000000002000000c                fix_cmd
 *fill*         0x000000002000000d        0x3 
 .data.SystemCoreClock
                0x0000000020000010        0x4 Src/system_stm32f4xx.o
                0x0000000020000010                SystemCoreClock
 .data._impure_ptr
                0x0000000020000014        0x4 d:/stm32cubeide/stm32cubeide_1.3.0/stm32cubeide/plugins/com.st.stm32cube.ide.mcu.externaltools.gnu-tools-for-stm32.7-2018-q2-update.win32_1.0.0.201904181610/tools/bin/../lib/gcc/arm-none-eabi/7.3.1/../../../../arm-none-eabi/lib/thumb/v7e-m/fpv4-sp/hard\libc_nano.a(lib_a-impure.o)
                0x0000000020000014                _impure_ptr
 .data.impure_data
                0x0000000020000018       0x60 d:/stm32cubeide/stm32cubeide_1.3.0/stm32cubeide/plugins/com.st.stm32cube.ide.mcu.externaltools.gnu-tools-for-stm32.7-2018-q2-update.win32_1.0.0.201904181610/tools/bin/../lib/gcc/arm-none-eabi/7.3.1/../../../../arm-none-eabi/lib/thumb/v7e-m/fpv4-sp/hard\libc_nano.a(lib_a-impure.o)
                0x0000000020000078                . = ALIGN (0x4)
                0x0000000020000078                _edata = .

.igot.plt       0x0000000020000078        0x0 load address 0x0000000008009fbc
 .igot.plt      0x0000000020000078        0x0 d:/stm32cubeide/stm32cubeide_1.3.0/stm32cubeide/plugins/com.st.stm32cube.ide.mcu.externaltools.gnu-tools-for-stm32.7-2018-q2-update.win32_1.0.0.201904181610/tools/bin/../lib/gcc/arm-none-eabi/7.3.1/thumb/v7e-m/fpv4-sp/hard/crtbegin.o
                0x0000000020000078                . = ALIGN (0x4)

.bss            0x0000000020000078     0x45f0 load address 0x0000000008009fbc
                0x0000000020000078                _sbss = .
                0x0000000020000078                __bss_start__ = _sbss
 *(.bss)
 .bss           0x0000000020000078       0x1c d:/stm32cubeide/stm32cubeide_1.3.0/stm32cubeide/plugins/com.st.stm32cube.ide.mcu.externaltools.gnu-tools-for-stm32.7-2018-q2-update.win32_1.0.0.201904181610/tools/bin/../lib/gcc/arm-none-eabi/7.3.1/thumb/v7e-m/fpv4-sp/hard/crtbegin.o
 *(.bss*)
 .bss.pxCurrentTCB
                0x0000000020000094        0x4 Middlewares/Third_Party/FreeRTOS/Source/tasks.o
                0x0000000020000094                pxCurrentTCB
 .bss.pxReadyTasksLists
                0x0000000020000098       0x8c Middlewares/Third_Party/FreeRTOS/Source/tasks.o
 .bss.xDelayedTaskList1
                0x0000000020000124       0x14 Middlewares/Third_Party/FreeRTOS/Source/tasks.o
 .bss.xDelayedTaskList2
                0x0000000020000138       0x14 Middlewares/Third_Party/FreeRTOS/Source/tasks.o
 .bss.pxDelayedTaskList
                0x000000002000014c        0x4 Middlewares/Third_Party/FreeRTOS/Source/tasks.o
 .bss.pxOverflowDelayedTaskList
                0x0000000020000150        0x4 Middlewares/Third_Party/FreeRTOS/Source/tasks.o
 .bss.xPendingReadyList
                0x0000000020000154       0x14 Middlewares/Third_Party/FreeRTOS/Source/tasks.o
 .bss.xTasksWaitingTermination
                0x0000000020000168       0x14 Middlewares/Third_Party/FreeRTOS/Source/tasks.o
 .bss.uxDeletedTasksWaitingCleanUp
                0x000000002000017c        0x4 Middlewares/Third_Party/FreeRTOS/Source/tasks.o
 .bss.xSuspendedTaskList
                0x0000000020000180       0x14 Middlewares/Third_Party/FreeRTOS/Source/tasks.o
 .bss.uxCurrentNumberOfTasks
                0x0000000020000194        0x4 Middlewares/Third_Party/FreeRTOS/Source/tasks.o
 .bss.xTickCount
                0x0000000020000198        0x4 Middlewares/Third_Party/FreeRTOS/Source/tasks.o
 .bss.uxTopReadyPriority
                0x000000002000019c        0x4 Middlewares/Third_Party/FreeRTOS/Source/tasks.o
 .bss.xSchedulerRunning
                0x00000000200001a0        0x4 Middlewares/Third_Party/FreeRTOS/Source/tasks.o
 .bss.uxPendedTicks
                0x00000000200001a4        0x4 Middlewares/Third_Party/FreeRTOS/Source/tasks.o
 .bss.xYieldPending
                0x00000000200001a8        0x4 Middlewares/Third_Party/FreeRTOS/Source/tasks.o
 .bss.xNumOfOverflows
                0x00000000200001ac        0x4 Middlewares/Third_Party/FreeRTOS/Source/tasks.o
 .bss.uxTaskNumber
                0x00000000200001b0        0x4 Middlewares/Third_Party/FreeRTOS/Source/tasks.o
 .bss.xNextTaskUnblockTime
                0x00000000200001b4        0x4 Middlewares/Third_Party/FreeRTOS/Source/tasks.o
 .bss.xIdleTaskHandle
                0x00000000200001b8        0x4 Middlewares/Third_Party/FreeRTOS/Source/tasks.o
 .bss.uxSchedulerSuspended
                0x00000000200001bc        0x4 Middlewares/Third_Party/FreeRTOS/Source/tasks.o
 .bss.ucMaxSysCallPriority
                0x00000000200001c0        0x1 Middlewares/Third_Party/FreeRTOS/Source/portable/GCC/ARM_CM4F/port.o
 *fill*         0x00000000200001c1        0x3 
 .bss.ulMaxPRIGROUPValue
                0x00000000200001c4        0x4 Middlewares/Third_Party/FreeRTOS/Source/portable/GCC/ARM_CM4F/port.o
 .bss.ucHeap    0x00000000200001c8     0x3c00 Middlewares/Third_Party/FreeRTOS/Source/portable/MemMang/heap_4.o
 .bss.xStart    0x0000000020003dc8        0x8 Middlewares/Third_Party/FreeRTOS/Source/portable/MemMang/heap_4.o
 .bss.pxEnd     0x0000000020003dd0        0x4 Middlewares/Third_Party/FreeRTOS/Source/portable/MemMang/heap_4.o
 .bss.xFreeBytesRemaining
                0x0000000020003dd4        0x4 Middlewares/Third_Party/FreeRTOS/Source/portable/MemMang/heap_4.o
 .bss.xMinimumEverFreeBytesRemaining
                0x0000000020003dd8        0x4 Middlewares/Third_Party/FreeRTOS/Source/portable/MemMang/heap_4.o
 .bss.xBlockAllocatedBit
                0x0000000020003ddc        0x4 Middlewares/Third_Party/FreeRTOS/Source/portable/MemMang/heap_4.o
 .bss.huart.9234
                0x0000000020003de0        0x4 Src/agvui.o
 .bss.this_time_rx_len.9233
                0x0000000020003de4        0x2 Src/agvui.o
 .bss.i.9232    0x0000000020003de6        0x1 Src/agvui.o
 *fill*         0x0000000020003de7        0x1 
 .bss.goalx     0x0000000020003de8        0x4 Src/dev.o
                0x0000000020003de8                goalx
 .bss.goaly     0x0000000020003dec        0x4 Src/dev.o
                0x0000000020003dec                goaly
 .bss.xIdleTaskTCBBuffer
                0x0000000020003df0       0x54 Src/freertos.o
 .bss.xIdleStack
                0x0000000020003e44      0x200 Src/freertos.o
 .bss.mpu_buff  0x0000000020004044        0xe Src/imu.o
 *fill*         0x0000000020004052        0x2 
 .bss.huart.9203
                0x0000000020004054        0x4 Src/rxd.o
 .bss.this_time_rx_len.9202
                0x0000000020004058        0x2 Src/rxd.o
 .bss.i.9201    0x000000002000405a        0x1 Src/rxd.o
 *fill*         0x000000002000405b        0x1 
 .bss.tmp.9760  0x000000002000405c        0x2 Src/spdm.o
 *fill*         0x000000002000405e        0x2 
 .bss.data_buffer.9769
                0x0000000020004060        0x8 Src/spdm.o
 .bss.cur_err.9767
                0x0000000020004068       0x10 Src/spdm.o
 .bss.i.9770    0x0000000020004078        0x1 Src/spdm.o
 *fill*         0x0000000020004079        0x3 
 .bss.A.9764    0x000000002000407c        0x4 Src/spdm.o
 .bss.B.9765    0x0000000020004080        0x4 Src/spdm.o
 .bss.ratio.9766
                0x0000000020004084        0x4 Src/spdm.o
 .bss.uKd.9768  0x0000000020004088        0x4 Src/spdm.o
 .bss.mailbox.9812
                0x000000002000408c        0x4 Src/spdm.o
 .bss.header.9814
                0x0000000020004090       0x18 Src/spdm.o
 .bss.data.9813
                0x00000000200040a8        0x8 Src/spdm.o
 .bss.heap_end.6424
                0x00000000200040b0        0x4 Src/sysmem.o
 .bss.__malloc_free_list
                0x00000000200040b4        0x4 d:/stm32cubeide/stm32cubeide_1.3.0/stm32cubeide/plugins/com.st.stm32cube.ide.mcu.externaltools.gnu-tools-for-stm32.7-2018-q2-update.win32_1.0.0.201904181610/tools/bin/../lib/gcc/arm-none-eabi/7.3.1/../../../../arm-none-eabi/lib/thumb/v7e-m/fpv4-sp/hard\libc_nano.a(lib_a-nano-mallocr.o)
                0x00000000200040b4                __malloc_free_list
 .bss.__malloc_sbrk_start
                0x00000000200040b8        0x4 d:/stm32cubeide/stm32cubeide_1.3.0/stm32cubeide/plugins/com.st.stm32cube.ide.mcu.externaltools.gnu-tools-for-stm32.7-2018-q2-update.win32_1.0.0.201904181610/tools/bin/../lib/gcc/arm-none-eabi/7.3.1/../../../../arm-none-eabi/lib/thumb/v7e-m/fpv4-sp/hard\libc_nano.a(lib_a-nano-mallocr.o)
                0x00000000200040b8                __malloc_sbrk_start
 *(COMMON)
 COMMON         0x00000000200040bc        0x4 Drivers/STM32F4xx_HAL_Driver/Src/stm32f4xx_hal.o
                0x00000000200040bc                uwTick
 COMMON         0x00000000200040c0       0x28 Src/can.o
                0x00000000200040c0                hcan1
 COMMON         0x00000000200040e8      0x2cc Src/dev.o
                0x00000000200040e8                gainy
                0x00000000200040ec                observe
                0x0000000020004104                rough_vel
                0x0000000020004114                S
                0x000000002000427c                vel
                0x000000002000428c                cmd_vel
                0x000000002000429c                R
                0x00000000200042f8                I
                0x0000000020004330                gainx
                0x0000000020004334                estimate
                0x000000002000434c                fix_vel
                0x000000002000435c                rec
                0x0000000020004370                ch
                0x0000000020004380                pospid
 COMMON         0x00000000200043b4       0x18 Src/freertos.o
                0x00000000200043b4                defaultTaskHandle
                0x00000000200043b8                spdmHandle
                0x00000000200043bc                armHandle
                0x00000000200043c0                imuHandle
                0x00000000200043c4                pospidHandle
                0x00000000200043c8                kalmanHandle
 COMMON         0x00000000200043cc       0x20 Src/imu.o
                0x00000000200043cc                mpu_data
 COMMON         0x00000000200043ec       0xa0 Src/main.o
                0x00000000200043ec                A
 COMMON         0x000000002000448c       0x58 Src/spi.o
                0x000000002000448c                hspi5
 COMMON         0x00000000200044e4       0x40 Src/stm32f4xx_hal_timebase_tim.o
                0x00000000200044e4                htim14
 COMMON         0x0000000020004524      0x140 Src/usart.o
                0x0000000020004524                huart7
                0x0000000020004564                hdma_uart7_rx
                0x00000000200045c4                hdma_uart8_rx
                0x0000000020004624                huart8
 COMMON         0x0000000020004664        0x4 d:/stm32cubeide/stm32cubeide_1.3.0/stm32cubeide/plugins/com.st.stm32cube.ide.mcu.externaltools.gnu-tools-for-stm32.7-2018-q2-update.win32_1.0.0.201904181610/tools/bin/../lib/gcc/arm-none-eabi/7.3.1/../../../../arm-none-eabi/lib/thumb/v7e-m/fpv4-sp/hard\libc_nano.a(lib_a-reent.o)
                0x0000000020004664                errno
                0x0000000020004668                . = ALIGN (0x4)
                0x0000000020004668                _ebss = .
                0x0000000020004668                __bss_end__ = _ebss

._user_heap_stack
                0x0000000020004668      0x600 load address 0x0000000008009fbc
                0x0000000020004668                . = ALIGN (0x8)
                0x0000000020004668                PROVIDE (end = .)
                [!provide]                        PROVIDE (_end = .)
                0x0000000020004868                . = (. + _Min_Heap_Size)
 *fill*         0x0000000020004668      0x200 
                0x0000000020004c68                . = (. + _Min_Stack_Size)
 *fill*         0x0000000020004868      0x400 
                0x0000000020004c68                . = ALIGN (0x8)

/DISCARD/
 libc.a(*)
 libm.a(*)
 libgcc.a(*)

.ARM.attributes
                0x0000000000000000       0x30
 *(.ARM.attributes)
 .ARM.attributes
                0x0000000000000000       0x22 d:/stm32cubeide/stm32cubeide_1.3.0/stm32cubeide/plugins/com.st.stm32cube.ide.mcu.externaltools.gnu-tools-for-stm32.7-2018-q2-update.win32_1.0.0.201904181610/tools/bin/../lib/gcc/arm-none-eabi/7.3.1/thumb/v7e-m/fpv4-sp/hard/crti.o
 .ARM.attributes
                0x0000000000000022       0x34 d:/stm32cubeide/stm32cubeide_1.3.0/stm32cubeide/plugins/com.st.stm32cube.ide.mcu.externaltools.gnu-tools-for-stm32.7-2018-q2-update.win32_1.0.0.201904181610/tools/bin/../lib/gcc/arm-none-eabi/7.3.1/thumb/v7e-m/fpv4-sp/hard/crtbegin.o
 .ARM.attributes
                0x0000000000000056       0x39 Drivers/STM32F4xx_HAL_Driver/Src/stm32f4xx_hal.o
 .ARM.attributes
                0x000000000000008f       0x39 Drivers/STM32F4xx_HAL_Driver/Src/stm32f4xx_hal_can.o
 .ARM.attributes
                0x00000000000000c8       0x39 Drivers/STM32F4xx_HAL_Driver/Src/stm32f4xx_hal_cortex.o
 .ARM.attributes
                0x0000000000000101       0x39 Drivers/STM32F4xx_HAL_Driver/Src/stm32f4xx_hal_dma.o
 .ARM.attributes
                0x000000000000013a       0x39 Drivers/STM32F4xx_HAL_Driver/Src/stm32f4xx_hal_gpio.o
 .ARM.attributes
                0x0000000000000173       0x39 Drivers/STM32F4xx_HAL_Driver/Src/stm32f4xx_hal_pwr_ex.o
 .ARM.attributes
                0x00000000000001ac       0x39 Drivers/STM32F4xx_HAL_Driver/Src/stm32f4xx_hal_rcc.o
 .ARM.attributes
                0x00000000000001e5       0x39 Drivers/STM32F4xx_HAL_Driver/Src/stm32f4xx_hal_spi.o
 .ARM.attributes
                0x000000000000021e       0x39 Drivers/STM32F4xx_HAL_Driver/Src/stm32f4xx_hal_tim.o
 .ARM.attributes
                0x0000000000000257       0x39 Drivers/STM32F4xx_HAL_Driver/Src/stm32f4xx_hal_tim_ex.o
 .ARM.attributes
                0x0000000000000290       0x39 Drivers/STM32F4xx_HAL_Driver/Src/stm32f4xx_hal_uart.o
 .ARM.attributes
                0x00000000000002c9       0x39 Middlewares/Third_Party/FreeRTOS/Source/CMSIS_RTOS/cmsis_os.o
 .ARM.attributes
                0x0000000000000302       0x39 Middlewares/Third_Party/FreeRTOS/Source/list.o
 .ARM.attributes
                0x000000000000033b       0x39 Middlewares/Third_Party/FreeRTOS/Source/tasks.o
 .ARM.attributes
                0x0000000000000374       0x39 Middlewares/Third_Party/FreeRTOS/Source/portable/GCC/ARM_CM4F/port.o
 .ARM.attributes
                0x00000000000003ad       0x39 Middlewares/Third_Party/FreeRTOS/Source/portable/MemMang/heap_4.o
 .ARM.attributes
                0x00000000000003e6       0x39 Src/agvui.o
 .ARM.attributes
                0x000000000000041f       0x39 Src/can.o
 .ARM.attributes
                0x0000000000000458       0x39 Src/dev.o
 .ARM.attributes
                0x0000000000000491       0x39 Src/dma.o
 .ARM.attributes
                0x00000000000004ca       0x39 Src/easyMatrix.o
 .ARM.attributes
                0x0000000000000503       0x39 Src/freertos.o
 .ARM.attributes
                0x000000000000053c       0x39 Src/gpio.o
 .ARM.attributes
                0x0000000000000575       0x39 Src/imu.o
 .ARM.attributes
                0x00000000000005ae       0x39 Src/main.o
 .ARM.attributes
                0x00000000000005e7       0x39 Src/rxd.o
 .ARM.attributes
                0x0000000000000620       0x39 Src/spdm.o
 .ARM.attributes
                0x0000000000000659       0x39 Src/spi.o
 .ARM.attributes
                0x0000000000000692       0x39 Src/stm32f4xx_hal_msp.o
 .ARM.attributes
                0x00000000000006cb       0x39 Src/stm32f4xx_hal_timebase_tim.o
 .ARM.attributes
                0x0000000000000704       0x39 Src/stm32f4xx_it.o
 .ARM.attributes
                0x000000000000073d       0x39 Src/syscalls.o
 .ARM.attributes
                0x0000000000000776       0x39 Src/sysmem.o
 .ARM.attributes
                0x00000000000007af       0x39 Src/system_stm32f4xx.o
 .ARM.attributes
                0x00000000000007e8       0x39 Src/usart.o
 .ARM.attributes
                0x0000000000000821       0x21 Startup/startup_stm32f427iihx.o
 .ARM.attributes
                0x0000000000000842       0x34 d:/stm32cubeide/stm32cubeide_1.3.0/stm32cubeide/plugins/com.st.stm32cube.ide.mcu.externaltools.gnu-tools-for-stm32.7-2018-q2-update.win32_1.0.0.201904181610/tools/bin/../lib/gcc/arm-none-eabi/7.3.1/../../../../arm-none-eabi/lib/thumb/v7e-m/fpv4-sp/hard\libc_nano.a(lib_a-errno.o)
 .ARM.attributes
                0x0000000000000876       0x34 d:/stm32cubeide/stm32cubeide_1.3.0/stm32cubeide/plugins/com.st.stm32cube.ide.mcu.externaltools.gnu-tools-for-stm32.7-2018-q2-update.win32_1.0.0.201904181610/tools/bin/../lib/gcc/arm-none-eabi/7.3.1/../../../../arm-none-eabi/lib/thumb/v7e-m/fpv4-sp/hard\libc_nano.a(lib_a-impure.o)
 .ARM.attributes
                0x00000000000008aa       0x34 d:/stm32cubeide/stm32cubeide_1.3.0/stm32cubeide/plugins/com.st.stm32cube.ide.mcu.externaltools.gnu-tools-for-stm32.7-2018-q2-update.win32_1.0.0.201904181610/tools/bin/../lib/gcc/arm-none-eabi/7.3.1/../../../../arm-none-eabi/lib/thumb/v7e-m/fpv4-sp/hard\libc_nano.a(lib_a-init.o)
 .ARM.attributes
                0x00000000000008de       0x34 d:/stm32cubeide/stm32cubeide_1.3.0/stm32cubeide/plugins/com.st.stm32cube.ide.mcu.externaltools.gnu-tools-for-stm32.7-2018-q2-update.win32_1.0.0.201904181610/tools/bin/../lib/gcc/arm-none-eabi/7.3.1/../../../../arm-none-eabi/lib/thumb/v7e-m/fpv4-sp/hard\libc_nano.a(lib_a-memcpy-stub.o)
 .ARM.attributes
                0x0000000000000912       0x34 d:/stm32cubeide/stm32cubeide_1.3.0/stm32cubeide/plugins/com.st.stm32cube.ide.mcu.externaltools.gnu-tools-for-stm32.7-2018-q2-update.win32_1.0.0.201904181610/tools/bin/../lib/gcc/arm-none-eabi/7.3.1/../../../../arm-none-eabi/lib/thumb/v7e-m/fpv4-sp/hard\libc_nano.a(lib_a-memset.o)
 .ARM.attributes
                0x0000000000000946       0x34 d:/stm32cubeide/stm32cubeide_1.3.0/stm32cubeide/plugins/com.st.stm32cube.ide.mcu.externaltools.gnu-tools-for-stm32.7-2018-q2-update.win32_1.0.0.201904181610/tools/bin/../lib/gcc/arm-none-eabi/7.3.1/../../../../arm-none-eabi/lib/thumb/v7e-m/fpv4-sp/hard\libc_nano.a(lib_a-nano-freer.o)
 .ARM.attributes
                0x000000000000097a       0x34 d:/stm32cubeide/stm32cubeide_1.3.0/stm32cubeide/plugins/com.st.stm32cube.ide.mcu.externaltools.gnu-tools-for-stm32.7-2018-q2-update.win32_1.0.0.201904181610/tools/bin/../lib/gcc/arm-none-eabi/7.3.1/../../../../arm-none-eabi/lib/thumb/v7e-m/fpv4-sp/hard\libc_nano.a(lib_a-nano-mallocr.o)
 .ARM.attributes
                0x00000000000009ae       0x34 d:/stm32cubeide/stm32cubeide_1.3.0/stm32cubeide/plugins/com.st.stm32cube.ide.mcu.externaltools.gnu-tools-for-stm32.7-2018-q2-update.win32_1.0.0.201904181610/tools/bin/../lib/gcc/arm-none-eabi/7.3.1/../../../../arm-none-eabi/lib/thumb/v7e-m/fpv4-sp/hard\libc_nano.a(lib_a-puts.o)
 .ARM.attributes
                0x00000000000009e2       0x34 d:/stm32cubeide/stm32cubeide_1.3.0/stm32cubeide/plugins/com.st.stm32cube.ide.mcu.externaltools.gnu-tools-for-stm32.7-2018-q2-update.win32_1.0.0.201904181610/tools/bin/../lib/gcc/arm-none-eabi/7.3.1/../../../../arm-none-eabi/lib/thumb/v7e-m/fpv4-sp/hard\libc_nano.a(lib_a-sbrkr.o)
 .ARM.attributes
                0x0000000000000a16       0x34 d:/stm32cubeide/stm32cubeide_1.3.0/stm32cubeide/plugins/com.st.stm32cube.ide.mcu.externaltools.gnu-tools-for-stm32.7-2018-q2-update.win32_1.0.0.201904181610/tools/bin/../lib/gcc/arm-none-eabi/7.3.1/../../../../arm-none-eabi/lib/thumb/v7e-m/fpv4-sp/hard\libc_nano.a(lib_a-wbuf.o)
 .ARM.attributes
                0x0000000000000a4a       0x34 d:/stm32cubeide/stm32cubeide_1.3.0/stm32cubeide/plugins/com.st.stm32cube.ide.mcu.externaltools.gnu-tools-for-stm32.7-2018-q2-update.win32_1.0.0.201904181610/tools/bin/../lib/gcc/arm-none-eabi/7.3.1/../../../../arm-none-eabi/lib/thumb/v7e-m/fpv4-sp/hard\libc_nano.a(lib_a-wsetup.o)
 .ARM.attributes
                0x0000000000000a7e       0x34 d:/stm32cubeide/stm32cubeide_1.3.0/stm32cubeide/plugins/com.st.stm32cube.ide.mcu.externaltools.gnu-tools-for-stm32.7-2018-q2-update.win32_1.0.0.201904181610/tools/bin/../lib/gcc/arm-none-eabi/7.3.1/../../../../arm-none-eabi/lib/thumb/v7e-m/fpv4-sp/hard\libc_nano.a(lib_a-fflush.o)
 .ARM.attributes
                0x0000000000000ab2       0x34 d:/stm32cubeide/stm32cubeide_1.3.0/stm32cubeide/plugins/com.st.stm32cube.ide.mcu.externaltools.gnu-tools-for-stm32.7-2018-q2-update.win32_1.0.0.201904181610/tools/bin/../lib/gcc/arm-none-eabi/7.3.1/../../../../arm-none-eabi/lib/thumb/v7e-m/fpv4-sp/hard\libc_nano.a(lib_a-findfp.o)
 .ARM.attributes
                0x0000000000000ae6       0x34 d:/stm32cubeide/stm32cubeide_1.3.0/stm32cubeide/plugins/com.st.stm32cube.ide.mcu.externaltools.gnu-tools-for-stm32.7-2018-q2-update.win32_1.0.0.201904181610/tools/bin/../lib/gcc/arm-none-eabi/7.3.1/../../../../arm-none-eabi/lib/thumb/v7e-m/fpv4-sp/hard\libc_nano.a(lib_a-fwalk.o)
 .ARM.attributes
                0x0000000000000b1a       0x34 d:/stm32cubeide/stm32cubeide_1.3.0/stm32cubeide/plugins/com.st.stm32cube.ide.mcu.externaltools.gnu-tools-for-stm32.7-2018-q2-update.win32_1.0.0.201904181610/tools/bin/../lib/gcc/arm-none-eabi/7.3.1/../../../../arm-none-eabi/lib/thumb/v7e-m/fpv4-sp/hard\libc_nano.a(lib_a-makebuf.o)
 .ARM.attributes
                0x0000000000000b4e       0x34 d:/stm32cubeide/stm32cubeide_1.3.0/stm32cubeide/plugins/com.st.stm32cube.ide.mcu.externaltools.gnu-tools-for-stm32.7-2018-q2-update.win32_1.0.0.201904181610/tools/bin/../lib/gcc/arm-none-eabi/7.3.1/../../../../arm-none-eabi/lib/thumb/v7e-m/fpv4-sp/hard\libc_nano.a(lib_a-mlock.o)
 .ARM.attributes
                0x0000000000000b82       0x34 d:/stm32cubeide/stm32cubeide_1.3.0/stm32cubeide/plugins/com.st.stm32cube.ide.mcu.externaltools.gnu-tools-for-stm32.7-2018-q2-update.win32_1.0.0.201904181610/tools/bin/../lib/gcc/arm-none-eabi/7.3.1/../../../../arm-none-eabi/lib/thumb/v7e-m/fpv4-sp/hard\libc_nano.a(lib_a-reent.o)
 .ARM.attributes
                0x0000000000000bb6       0x34 d:/stm32cubeide/stm32cubeide_1.3.0/stm32cubeide/plugins/com.st.stm32cube.ide.mcu.externaltools.gnu-tools-for-stm32.7-2018-q2-update.win32_1.0.0.201904181610/tools/bin/../lib/gcc/arm-none-eabi/7.3.1/../../../../arm-none-eabi/lib/thumb/v7e-m/fpv4-sp/hard\libc_nano.a(lib_a-stdio.o)
 .ARM.attributes
                0x0000000000000bea       0x34 d:/stm32cubeide/stm32cubeide_1.3.0/stm32cubeide/plugins/com.st.stm32cube.ide.mcu.externaltools.gnu-tools-for-stm32.7-2018-q2-update.win32_1.0.0.201904181610/tools/bin/../lib/gcc/arm-none-eabi/7.3.1/../../../../arm-none-eabi/lib/thumb/v7e-m/fpv4-sp/hard\libc_nano.a(lib_a-writer.o)
 .ARM.attributes