stm32f4xx_it.c:86:6:NMI_Handler	8	static
stm32f4xx_it.c:100:6:HardFault_Handler	4	static
stm32f4xx_it.c:115:6:MemManage_Handler	4	static
stm32f4xx_it.c:130:6:BusFault_Handler	4	static
stm32f4xx_it.c:145:6:UsageFault_Handler	4	static
stm32f4xx_it.c:160:6:DebugMon_Handler	4	static
stm32f4xx_it.c:180:6:DMA1_Stream3_IRQHandler	8	static
stm32f4xx_it.c:194:6:DMA1_Stream6_IRQHandler	8	static
stm32f4xx_it.c:208:6:CAN1_RX0_IRQHandler	8	static
stm32f4xx_it.c:222:6:TIM8_TRG_COM_TIM14_IRQHandler	8	static
stm32f4xx_it.c:236:6:UART7_IRQHandler	8	static
stm32f4xx_it.c:250:6:UART8_IRQHandler	8	static
